Product: MDK-ARM Professional 5.10
Component: ARM Compiler 5.04 update 1 (build 49)
Tool: armlink [5040049]

==============================================================================

Section Cross References

    system_lpc17xx.o(.text) refers to system_lpc17xx.o(.data) for SystemCoreClock
    startup_lpc17xx.o(STACK) refers (Special) to heapauxi.o(.text) for __use_two_region_memory
    startup_lpc17xx.o(HEAP) refers (Special) to heapauxi.o(.text) for __use_two_region_memory
    startup_lpc17xx.o(RESET) refers (Special) to heapauxi.o(.text) for __use_two_region_memory
    startup_lpc17xx.o(RESET) refers to startup_lpc17xx.o(STACK) for __initial_sp
    startup_lpc17xx.o(RESET) refers to startup_lpc17xx.o(.text) for Reset_Handler
    startup_lpc17xx.o(RESET) refers to main.o(.text) for SysTick_Handler
    startup_lpc17xx.o(RESET) refers to uart.o(.text) for UART2_IRQHandler
    startup_lpc17xx.o(RESET) refers to rtc.o(.text) for RTC_IRQHandler
    startup_lpc17xx.o(RESET) refers to can.o(.text) for CAN_IRQHandler
    startup_lpc17xx.o(.ARM.__at_0x02FC) refers (Special) to heapauxi.o(.text) for __use_two_region_memory
    startup_lpc17xx.o(.text) refers (Special) to heapauxi.o(.text) for __use_two_region_memory
    startup_lpc17xx.o(.text) refers to system_lpc17xx.o(.text) for SystemInit
    startup_lpc17xx.o(.text) refers to __main.o(!!!main) for __main
    startup_lpc17xx.o(.text) refers to startup_lpc17xx.o(HEAP) for Heap_Mem
    startup_lpc17xx.o(.text) refers to startup_lpc17xx.o(STACK) for Stack_Mem
    main.o(.text) refers to can.o(.text) for CAN_setup
    main.o(.text) refers to system_lpc17xx.o(.text) for SystemInit
    main.o(.text) refers to deviceio.o(.text) for LedInit
    main.o(.text) refers to main.o(.data) for msTicks
    main.o(.text) refers to system_lpc17xx.o(.data) for SystemCoreClock
    main.o(.text) refers to can.o(.bss) for CAN_TxMsg
    main.o(.text) refers to can.o(.data) for CAN_TxRdy
    uart.o(.text) refers to system_lpc17xx.o(.data) for SystemCoreClock
    can.o(.text) refers to system_lpc17xx.o(.data) for SystemCoreClock
    can.o(.text) refers to can.o(.constdata) for CAN_BIT_TIME
    can.o(.text) refers to can.o(.data) for CAN_TxRdy
    can.o(.text) refers to can.o(.bss) for CAN_RxMsg
    rtc.o(.text) refers to rt_memcpy_w.o(.text) for __aeabi_memcpy4
    rtc.o(.text) refers to rtc.o(.data) for alarm_on
    devicenet.o(.text) refers to devicenet.o(.bss) for DeviceNetReciveFrame
    devicenet.o(.text) refers to devicenet.o(.data) for DeviceNetObj
    devicenet.o(.data) refers to devicenet.o(.conststring) for .conststring
    __main.o(!!!main) refers to rtentry.o(.ARM.Collect$$rtentry$$00000000) for __rt_entry
    rtentry.o(.ARM.Collect$$rtentry$$00000000) refers (Special) to rtentry2.o(.ARM.Collect$$rtentry$$0000000A) for __rt_entry_li
    rtentry.o(.ARM.Collect$$rtentry$$00000000) refers (Special) to rtentry2.o(.ARM.Collect$$rtentry$$0000000D) for __rt_entry_main
    rtentry.o(.ARM.Collect$$rtentry$$00000000) refers (Special) to rtentry2.o(.ARM.Collect$$rtentry$$0000000C) for __rt_entry_postli_1
    rtentry.o(.ARM.Collect$$rtentry$$00000000) refers (Special) to rtentry2.o(.ARM.Collect$$rtentry$$00000009) for __rt_entry_postsh_1
    rtentry.o(.ARM.Collect$$rtentry$$00000000) refers (Special) to rtentry2.o(.ARM.Collect$$rtentry$$00000002) for __rt_entry_presh_1
    rtentry.o(.ARM.Collect$$rtentry$$00000000) refers (Special) to rtentry4.o(.ARM.Collect$$rtentry$$00000004) for __rt_entry_sh
    rtentry2.o(.ARM.Collect$$rtentry$$00000008) refers to boardinit2.o(.text) for _platform_post_stackheap_init
    rtentry2.o(.ARM.Collect$$rtentry$$0000000A) refers to libinit.o(.ARM.Collect$$libinit$$00000000) for __rt_lib_init
    rtentry2.o(.ARM.Collect$$rtentry$$0000000B) refers to boardinit3.o(.text) for _platform_post_lib_init
    rtentry2.o(.ARM.Collect$$rtentry$$0000000D) refers to main.o(.text) for main
    rtentry2.o(.ARM.Collect$$rtentry$$0000000D) refers to exit.o(.text) for exit
    rtentry2.o(.ARM.exidx) refers to rtentry2.o(.ARM.Collect$$rtentry$$00000001) for .ARM.Collect$$rtentry$$00000001
    rtentry2.o(.ARM.exidx) refers to rtentry2.o(.ARM.Collect$$rtentry$$00000008) for .ARM.Collect$$rtentry$$00000008
    rtentry2.o(.ARM.exidx) refers to rtentry2.o(.ARM.Collect$$rtentry$$0000000A) for .ARM.Collect$$rtentry$$0000000A
    rtentry2.o(.ARM.exidx) refers to rtentry2.o(.ARM.Collect$$rtentry$$0000000B) for .ARM.Collect$$rtentry$$0000000B
    rtentry2.o(.ARM.exidx) refers to rtentry2.o(.ARM.Collect$$rtentry$$0000000D) for .ARM.Collect$$rtentry$$0000000D
    rtentry4.o(.ARM.Collect$$rtentry$$00000004) refers to sys_stackheap_outer.o(.text) for __user_setup_stackheap
    rtentry4.o(.ARM.exidx) refers to rtentry4.o(.ARM.Collect$$rtentry$$00000004) for .ARM.Collect$$rtentry$$00000004
    sys_stackheap_outer.o(.text) refers to libspace.o(.text) for __user_perproc_libspace
    sys_stackheap_outer.o(.text) refers to startup_lpc17xx.o(.text) for __user_initial_stackheap
    exit.o(.text) refers to rtexit.o(.ARM.Collect$$rtexit$$00000000) for __rt_exit
    libinit.o(.ARM.Collect$$libinit$$00000000) refers (Special) to libinit2.o(.ARM.Collect$$libinit$$0000002C) for __rt_lib_init_alloca_1
    libinit.o(.ARM.Collect$$libinit$$00000000) refers (Special) to libinit2.o(.ARM.Collect$$libinit$$0000002A) for __rt_lib_init_argv_1
    libinit.o(.ARM.Collect$$libinit$$00000000) refers (Special) to libinit2.o(.ARM.Collect$$libinit$$00000019) for __rt_lib_init_atexit_1
    libinit.o(.ARM.Collect$$libinit$$00000000) refers (Special) to libinit2.o(.ARM.Collect$$libinit$$0000001F) for __rt_lib_init_clock_1
    libinit.o(.ARM.Collect$$libinit$$00000000) refers (Special) to libinit2.o(.ARM.Collect$$libinit$$00000030) for __rt_lib_init_cpp_1
    libinit.o(.ARM.Collect$$libinit$$00000000) refers (Special) to libinit2.o(.ARM.Collect$$libinit$$0000002E) for __rt_lib_init_exceptions_1
    libinit.o(.ARM.Collect$$libinit$$00000000) refers (Special) to libinit2.o(.ARM.Collect$$libinit$$00000002) for __rt_lib_init_fp_1
    libinit.o(.ARM.Collect$$libinit$$00000000) refers (Special) to libinit2.o(.ARM.Collect$$libinit$$0000001D) for __rt_lib_init_fp_trap_1
    libinit.o(.ARM.Collect$$libinit$$00000000) refers (Special) to libinit2.o(.ARM.Collect$$libinit$$00000021) for __rt_lib_init_getenv_1
    libinit.o(.ARM.Collect$$libinit$$00000000) refers (Special) to libinit2.o(.ARM.Collect$$libinit$$00000008) for __rt_lib_init_heap_1
    libinit.o(.ARM.Collect$$libinit$$00000000) refers (Special) to libinit2.o(.ARM.Collect$$libinit$$0000000F) for __rt_lib_init_lc_collate_1
    libinit.o(.ARM.Collect$$libinit$$00000000) refers (Special) to libinit2.o(.ARM.Collect$$libinit$$00000011) for __rt_lib_init_lc_ctype_1
    libinit.o(.ARM.Collect$$libinit$$00000000) refers (Special) to libinit2.o(.ARM.Collect$$libinit$$00000013) for __rt_lib_init_lc_monetary_1
    libinit.o(.ARM.Collect$$libinit$$00000000) refers (Special) to libinit2.o(.ARM.Collect$$libinit$$00000015) for __rt_lib_init_lc_numeric_1
    libinit.o(.ARM.Collect$$libinit$$00000000) refers (Special) to libinit2.o(.ARM.Collect$$libinit$$00000017) for __rt_lib_init_lc_time_1
    libinit.o(.ARM.Collect$$libinit$$00000000) refers (Special) to libinit2.o(.ARM.Collect$$libinit$$0000000C) for __rt_lib_init_rand_1
    libinit.o(.ARM.Collect$$libinit$$00000000) refers (Special) to libinit2.o(.ARM.Collect$$libinit$$00000031) for __rt_lib_init_return
    libinit.o(.ARM.Collect$$libinit$$00000000) refers (Special) to libinit2.o(.ARM.Collect$$libinit$$0000001B) for __rt_lib_init_signal_1
    libinit.o(.ARM.Collect$$libinit$$00000000) refers (Special) to libinit2.o(.ARM.Collect$$libinit$$00000023) for __rt_lib_init_stdio_1
    libinit.o(.ARM.Collect$$libinit$$00000000) refers (Special) to libinit2.o(.ARM.Collect$$libinit$$0000000A) for __rt_lib_init_user_alloc_1
    libspace.o(.text) refers to libspace.o(.bss) for __libspace_start
    rtexit.o(.ARM.Collect$$rtexit$$00000000) refers (Special) to rtexit2.o(.ARM.Collect$$rtexit$$00000004) for __rt_exit_exit
    rtexit.o(.ARM.Collect$$rtexit$$00000000) refers (Special) to rtexit2.o(.ARM.Collect$$rtexit$$00000003) for __rt_exit_ls
    rtexit.o(.ARM.Collect$$rtexit$$00000000) refers (Special) to rtexit2.o(.ARM.Collect$$rtexit$$00000002) for __rt_exit_prels_1
    rtexit.o(.ARM.exidx) refers (Special) to rtexit2.o(.ARM.Collect$$rtexit$$00000004) for __rt_exit_exit
    rtexit.o(.ARM.exidx) refers (Special) to rtexit2.o(.ARM.Collect$$rtexit$$00000003) for __rt_exit_ls
    rtexit.o(.ARM.exidx) refers (Special) to rtexit2.o(.ARM.Collect$$rtexit$$00000002) for __rt_exit_prels_1
    rtexit.o(.ARM.exidx) refers to rtexit.o(.ARM.Collect$$rtexit$$00000000) for .ARM.Collect$$rtexit$$00000000
    libinit2.o(.ARM.Collect$$libinit$$0000000E) refers to libinit2.o(.ARM.Collect$$libinit$$0000000D) for .ARM.Collect$$libinit$$0000000D
    libinit2.o(.ARM.Collect$$libinit$$00000010) refers to libinit2.o(.ARM.Collect$$libinit$$0000000D) for .ARM.Collect$$libinit$$0000000D
    libinit2.o(.ARM.Collect$$libinit$$00000012) refers to libinit2.o(.ARM.Collect$$libinit$$0000000D) for .ARM.Collect$$libinit$$0000000D
    libinit2.o(.ARM.Collect$$libinit$$00000014) refers to libinit2.o(.ARM.Collect$$libinit$$0000000D) for .ARM.Collect$$libinit$$0000000D
    libinit2.o(.ARM.Collect$$libinit$$00000016) refers to libinit2.o(.ARM.Collect$$libinit$$0000000D) for .ARM.Collect$$libinit$$0000000D
    libinit2.o(.ARM.Collect$$libinit$$00000024) refers to argv_veneer.o(.emb_text) for __ARM_argv_veneer
    libinit2.o(.ARM.Collect$$libinit$$00000025) refers to argv_veneer.o(.emb_text) for __ARM_argv_veneer
    rtexit2.o(.ARM.Collect$$rtexit$$00000003) refers to libshutdown.o(.ARM.Collect$$libshutdown$$00000000) for __rt_lib_shutdown
    rtexit2.o(.ARM.Collect$$rtexit$$00000004) refers to sys_exit.o(.text) for _sys_exit
    rtexit2.o(.ARM.exidx) refers to rtexit2.o(.ARM.Collect$$rtexit$$00000001) for .ARM.Collect$$rtexit$$00000001
    rtexit2.o(.ARM.exidx) refers to rtexit2.o(.ARM.Collect$$rtexit$$00000003) for .ARM.Collect$$rtexit$$00000003
    rtexit2.o(.ARM.exidx) refers to rtexit2.o(.ARM.Collect$$rtexit$$00000004) for .ARM.Collect$$rtexit$$00000004
    argv_veneer.o(.emb_text) refers to no_argv.o(.text) for __ARM_get_argv
    sys_exit.o(.text) refers (Special) to use_no_semi.o(.text) for __I$use$semihosting
    sys_exit.o(.text) refers (Special) to indicate_semi.o(.text) for __semihosting_library_function
    _get_argv_nomalloc.o(.text) refers (Special) to hrguard.o(.text) for __heap_region$guard
    _get_argv_nomalloc.o(.text) refers to defsig_rtmem_outer.o(.text) for __rt_SIGRTMEM
    _get_argv_nomalloc.o(.text) refers to sys_command.o(.text) for _sys_command_string
    libshutdown.o(.ARM.Collect$$libshutdown$$00000000) refers (Special) to libshutdown2.o(.ARM.Collect$$libshutdown$$00000006) for __rt_lib_shutdown_fp_trap_1
    libshutdown.o(.ARM.Collect$$libshutdown$$00000000) refers (Special) to libshutdown2.o(.ARM.Collect$$libshutdown$$0000000E) for __rt_lib_shutdown_heap_1
    libshutdown.o(.ARM.Collect$$libshutdown$$00000000) refers (Special) to libshutdown2.o(.ARM.Collect$$libshutdown$$0000000F) for __rt_lib_shutdown_return
    libshutdown.o(.ARM.Collect$$libshutdown$$00000000) refers (Special) to libshutdown2.o(.ARM.Collect$$libshutdown$$00000009) for __rt_lib_shutdown_signal_1
    libshutdown.o(.ARM.Collect$$libshutdown$$00000000) refers (Special) to libshutdown2.o(.ARM.Collect$$libshutdown$$00000003) for __rt_lib_shutdown_stdio_1
    libshutdown.o(.ARM.Collect$$libshutdown$$00000000) refers (Special) to libshutdown2.o(.ARM.Collect$$libshutdown$$0000000B) for __rt_lib_shutdown_user_alloc_1
    sys_command.o(.text) refers (Special) to use_no_semi.o(.text) for __I$use$semihosting
    sys_command.o(.text) refers (Special) to indicate_semi.o(.text) for __semihosting_library_function
    defsig_rtmem_outer.o(.text) refers to defsig_rtmem_inner.o(.text) for __rt_SIGRTMEM_inner
    defsig_rtmem_outer.o(.text) refers to defsig_exit.o(.text) for __sig_exit
    defsig_rtmem_formal.o(.text) refers to rt_raise.o(.text) for __rt_raise
    rt_raise.o(.text) refers to __raise.o(.text) for __raise
    rt_raise.o(.text) refers to sys_exit.o(.text) for _sys_exit
    defsig_exit.o(.text) refers to sys_exit.o(.text) for _sys_exit
    defsig_rtmem_inner.o(.text) refers to defsig_general.o(.text) for __default_signal_display
    __raise.o(.text) refers to defsig.o(CL$$defsig) for __default_signal_handler
    defsig_general.o(.text) refers to sys_wrch.o(.text) for _ttywrch
    sys_wrch.o(.text) refers (Special) to use_no_semi.o(.text) for __I$use$semihosting
    sys_wrch.o(.text) refers (Special) to indicate_semi.o(.text) for __semihosting_library_function
    defsig.o(CL$$defsig) refers to defsig_rtmem_inner.o(.text) for __rt_SIGRTMEM_inner
    defsig_abrt_inner.o(.text) refers to defsig_general.o(.text) for __default_signal_display
    defsig_fpe_inner.o(.text) refers to defsig_general.o(.text) for __default_signal_display
    defsig_rtred_inner.o(.text) refers to defsig_general.o(.text) for __default_signal_display
    defsig_stak_inner.o(.text) refers to defsig_general.o(.text) for __default_signal_display
    defsig_pvfn_inner.o(.text) refers to defsig_general.o(.text) for __default_signal_display
    defsig_cppl_inner.o(.text) refers to defsig_general.o(.text) for __default_signal_display
    defsig_segv_inner.o(.text) refers to defsig_general.o(.text) for __default_signal_display
    defsig_other.o(.text) refers to defsig_general.o(.text) for __default_signal_display


==============================================================================

Removing Unused input sections from the image.

    Removing core_cm3.o(.emb_text), (32 bytes).
    Removing deviceio.o(.rev16_text), (4 bytes).
    Removing deviceio.o(.revsh_text), (4 bytes).
    Removing main.o(.rev16_text), (4 bytes).
    Removing main.o(.revsh_text), (4 bytes).
    Removing uart.o(.rev16_text), (4 bytes).
    Removing uart.o(.revsh_text), (4 bytes).
    Removing uart.o(.data), (1 bytes).
    Removing can.o(.rev16_text), (4 bytes).
    Removing can.o(.revsh_text), (4 bytes).
    Removing rtc.o(.rev16_text), (4 bytes).
    Removing rtc.o(.revsh_text), (4 bytes).
    Removing devicenet.o(.text), (356 bytes).
    Removing devicenet.o(.bss), (220 bytes).
    Removing devicenet.o(.conststring), (7 bytes).
    Removing devicenet.o(.data), (44 bytes).

16 unused section(s) (total 700 bytes) removed from the image.

==============================================================================

Image Symbol Table

    Local Symbols

    Symbol Name                              Value     Ov Type        Size  Object(Section)

    RESET                                    0x00000000   Section      196  startup_lpc17xx.o(RESET)
    ../clib/angel/boardlib.s                 0x00000000   Number         0  boardinit3.o ABSOLUTE
    ../clib/angel/boardlib.s                 0x00000000   Number         0  boardinit2.o ABSOLUTE
    ../clib/angel/boardlib.s                 0x00000000   Number         0  boardinit1.o ABSOLUTE
    ../clib/angel/boardlib.s                 0x00000000   Number         0  boardshut.o ABSOLUTE
    ../clib/angel/handlers.s                 0x00000000   Number         0  __scatter_zi.o ABSOLUTE
    ../clib/angel/handlers.s                 0x00000000   Number         0  __scatter_copy.o ABSOLUTE
    ../clib/angel/kernel.s                   0x00000000   Number         0  rtentry4.o ABSOLUTE
    ../clib/angel/kernel.s                   0x00000000   Number         0  rtentry2.o ABSOLUTE
    ../clib/angel/kernel.s                   0x00000000   Number         0  rtexit.o ABSOLUTE
    ../clib/angel/kernel.s                   0x00000000   Number         0  rtexit2.o ABSOLUTE
    ../clib/angel/kernel.s                   0x00000000   Number         0  rtentry.o ABSOLUTE
    ../clib/angel/rt.s                       0x00000000   Number         0  rt_raise.o ABSOLUTE
    ../clib/angel/scatter.s                  0x00000000   Number         0  __scatter.o ABSOLUTE
    ../clib/angel/startup.s                  0x00000000   Number         0  __main.o ABSOLUTE
    ../clib/angel/sys.s                      0x00000000   Number         0  use_no_semi.o ABSOLUTE
    ../clib/angel/sys.s                      0x00000000   Number         0  libspace.o ABSOLUTE
    ../clib/angel/sys.s                      0x00000000   Number         0  indicate_semi.o ABSOLUTE
    ../clib/angel/sys.s                      0x00000000   Number         0  sys_stackheap_outer.o ABSOLUTE
    ../clib/angel/sysapp.c                   0x00000000   Number         0  sys_command.o ABSOLUTE
    ../clib/angel/sysapp.c                   0x00000000   Number         0  sys_wrch.o ABSOLUTE
    ../clib/angel/sysapp.c                   0x00000000   Number         0  sys_exit.o ABSOLUTE
    ../clib/armsys.c                         0x00000000   Number         0  _get_argv_nomalloc.o ABSOLUTE
    ../clib/armsys.c                         0x00000000   Number         0  argv_veneer.o ABSOLUTE
    ../clib/armsys.c                         0x00000000   Number         0  argv_veneer.o ABSOLUTE
    ../clib/armsys.c                         0x00000000   Number         0  no_argv.o ABSOLUTE
    ../clib/heapalloc.c                      0x00000000   Number         0  hrguard.o ABSOLUTE
    ../clib/heapaux.c                        0x00000000   Number         0  heapauxi.o ABSOLUTE
    ../clib/libinit.s                        0x00000000   Number         0  libinit.o ABSOLUTE
    ../clib/libinit.s                        0x00000000   Number         0  libinit2.o ABSOLUTE
    ../clib/libinit.s                        0x00000000   Number         0  libshutdown2.o ABSOLUTE
    ../clib/libinit.s                        0x00000000   Number         0  libshutdown.o ABSOLUTE
    ../clib/memcpset.s                       0x00000000   Number         0  rt_memcpy_w.o ABSOLUTE
    ../clib/signal.c                         0x00000000   Number         0  defsig_abrt_inner.o ABSOLUTE
    ../clib/signal.c                         0x00000000   Number         0  defsig_stak_inner.o ABSOLUTE
    ../clib/signal.c                         0x00000000   Number         0  defsig_pvfn_inner.o ABSOLUTE
    ../clib/signal.c                         0x00000000   Number         0  defsig_general.o ABSOLUTE
    ../clib/signal.c                         0x00000000   Number         0  defsig_cppl_inner.o ABSOLUTE
    ../clib/signal.c                         0x00000000   Number         0  defsig_segv_inner.o ABSOLUTE
    ../clib/signal.c                         0x00000000   Number         0  defsig_other.o ABSOLUTE
    ../clib/signal.c                         0x00000000   Number         0  defsig_exit.o ABSOLUTE
    ../clib/signal.c                         0x00000000   Number         0  __raise.o ABSOLUTE
    ../clib/signal.c                         0x00000000   Number         0  defsig_rtmem_formal.o ABSOLUTE
    ../clib/signal.c                         0x00000000   Number         0  defsig_rtmem_outer.o ABSOLUTE
    ../clib/signal.c                         0x00000000   Number         0  defsig_rtmem_inner.o ABSOLUTE
    ../clib/signal.c                         0x00000000   Number         0  defsig_fpe_inner.o ABSOLUTE
    ../clib/signal.c                         0x00000000   Number         0  defsig_rtred_inner.o ABSOLUTE
    ../clib/signal.s                         0x00000000   Number         0  defsig.o ABSOLUTE
    ../clib/stdlib.c                         0x00000000   Number         0  exit.o ABSOLUTE
    ../fplib/fpinit.s                        0x00000000   Number         0  fpinit.o ABSOLUTE
    dc.s                                     0x00000000   Number         0  dc.o ABSOLUTE
    source\485\UART.c                        0x00000000   Number         0  uart.o ABSOLUTE
    source\App\main.c                        0x00000000   Number         0  main.o ABSOLUTE
    source\CAN\CAN.c                         0x00000000   Number         0  can.o ABSOLUTE
    source\CMSIS\core_cm3.c                  0x00000000   Number         0  core_cm3.o ABSOLUTE
    source\CMSIS\startup\arm\startup_LPC17xx.s 0x00000000   Number         0  startup_lpc17xx.o ABSOLUTE
    source\CMSIS\system_LPC17xx.c            0x00000000   Number         0  system_lpc17xx.o ABSOLUTE
    source\DeviceIO\DeviceIO.c               0x00000000   Number         0  deviceio.o ABSOLUTE
    source\DeviceNet\DeviceNet.c             0x00000000   Number         0  devicenet.o ABSOLUTE
    source\RTC\rtc.c                         0x00000000   Number         0  rtc.o ABSOLUTE
    source\\485\\UART.c                      0x00000000   Number         0  uart.o ABSOLUTE
    source\\App\\main.c                      0x00000000   Number         0  main.o ABSOLUTE
    source\\CAN\\CAN.c                       0x00000000   Number         0  can.o ABSOLUTE
    source\\CMSIS\\core_cm3.c                0x00000000   Number         0  core_cm3.o ABSOLUTE
    source\\DeviceIO\\DeviceIO.c             0x00000000   Number         0  deviceio.o ABSOLUTE
    source\\RTC\\rtc.c                       0x00000000   Number         0  rtc.o ABSOLUTE
    !!!main                                  0x000000c4   Section        8  __main.o(!!!main)
    !!!scatter                               0x000000cc   Section       52  __scatter.o(!!!scatter)
    !!handler_copy                           0x00000100   Section       26  __scatter_copy.o(!!handler_copy)
    !!handler_zi                             0x0000011c   Section       28  __scatter_zi.o(!!handler_zi)
    .ARM.Collect$$libinit$$00000000          0x00000138   Section        2  libinit.o(.ARM.Collect$$libinit$$00000000)
    .ARM.Collect$$libinit$$00000002          0x0000013a   Section        0  libinit2.o(.ARM.Collect$$libinit$$00000002)
    .ARM.Collect$$libinit$$00000008          0x0000013a   Section        0  libinit2.o(.ARM.Collect$$libinit$$00000008)
    .ARM.Collect$$libinit$$0000000A          0x0000013a   Section        0  libinit2.o(.ARM.Collect$$libinit$$0000000A)
    .ARM.Collect$$libinit$$0000000C          0x0000013a   Section        0  libinit2.o(.ARM.Collect$$libinit$$0000000C)
    .ARM.Collect$$libinit$$0000000F          0x0000013a   Section        0  libinit2.o(.ARM.Collect$$libinit$$0000000F)
    .ARM.Collect$$libinit$$00000011          0x0000013a   Section        0  libinit2.o(.ARM.Collect$$libinit$$00000011)
    .ARM.Collect$$libinit$$00000013          0x0000013a   Section        0  libinit2.o(.ARM.Collect$$libinit$$00000013)
    .ARM.Collect$$libinit$$00000015          0x0000013a   Section        0  libinit2.o(.ARM.Collect$$libinit$$00000015)
    .ARM.Collect$$libinit$$00000017          0x0000013a   Section        0  libinit2.o(.ARM.Collect$$libinit$$00000017)
    .ARM.Collect$$libinit$$00000019          0x0000013a   Section        0  libinit2.o(.ARM.Collect$$libinit$$00000019)
    .ARM.Collect$$libinit$$0000001B          0x0000013a   Section        0  libinit2.o(.ARM.Collect$$libinit$$0000001B)
    .ARM.Collect$$libinit$$0000001D          0x0000013a   Section        0  libinit2.o(.ARM.Collect$$libinit$$0000001D)
    .ARM.Collect$$libinit$$0000001F          0x0000013a   Section        0  libinit2.o(.ARM.Collect$$libinit$$0000001F)
    .ARM.Collect$$libinit$$00000021          0x0000013a   Section        0  libinit2.o(.ARM.Collect$$libinit$$00000021)
    .ARM.Collect$$libinit$$00000023          0x0000013a   Section        0  libinit2.o(.ARM.Collect$$libinit$$00000023)
    .ARM.Collect$$libinit$$0000002A          0x0000013a   Section        0  libinit2.o(.ARM.Collect$$libinit$$0000002A)
    .ARM.Collect$$libinit$$0000002C          0x0000013a   Section        0  libinit2.o(.ARM.Collect$$libinit$$0000002C)
    .ARM.Collect$$libinit$$0000002E          0x0000013a   Section        0  libinit2.o(.ARM.Collect$$libinit$$0000002E)
    .ARM.Collect$$libinit$$00000030          0x0000013a   Section        0  libinit2.o(.ARM.Collect$$libinit$$00000030)
    .ARM.Collect$$libinit$$00000031          0x0000013a   Section        2  libinit2.o(.ARM.Collect$$libinit$$00000031)
    .ARM.Collect$$libshutdown$$00000000      0x0000013c   Section        2  libshutdown.o(.ARM.Collect$$libshutdown$$00000000)
    .ARM.Collect$$libshutdown$$00000003      0x0000013e   Section        0  libshutdown2.o(.ARM.Collect$$libshutdown$$00000003)
    .ARM.Collect$$libshutdown$$00000006      0x0000013e   Section        0  libshutdown2.o(.ARM.Collect$$libshutdown$$00000006)
    .ARM.Collect$$libshutdown$$00000009      0x0000013e   Section        0  libshutdown2.o(.ARM.Collect$$libshutdown$$00000009)
    .ARM.Collect$$libshutdown$$0000000B      0x0000013e   Section        0  libshutdown2.o(.ARM.Collect$$libshutdown$$0000000B)
    .ARM.Collect$$libshutdown$$0000000E      0x0000013e   Section        0  libshutdown2.o(.ARM.Collect$$libshutdown$$0000000E)
    .ARM.Collect$$libshutdown$$0000000F      0x0000013e   Section        2  libshutdown2.o(.ARM.Collect$$libshutdown$$0000000F)
    .ARM.Collect$$rtentry$$00000000          0x00000140   Section        0  rtentry.o(.ARM.Collect$$rtentry$$00000000)
    .ARM.Collect$$rtentry$$00000002          0x00000140   Section        0  rtentry2.o(.ARM.Collect$$rtentry$$00000002)
    .ARM.Collect$$rtentry$$00000004          0x00000140   Section        6  rtentry4.o(.ARM.Collect$$rtentry$$00000004)
    .ARM.Collect$$rtentry$$00000009          0x00000146   Section        0  rtentry2.o(.ARM.Collect$$rtentry$$00000009)
    .ARM.Collect$$rtentry$$0000000A          0x00000146   Section        4  rtentry2.o(.ARM.Collect$$rtentry$$0000000A)
    .ARM.Collect$$rtentry$$0000000C          0x0000014a   Section        0  rtentry2.o(.ARM.Collect$$rtentry$$0000000C)
    .ARM.Collect$$rtentry$$0000000D          0x0000014a   Section        8  rtentry2.o(.ARM.Collect$$rtentry$$0000000D)
    .ARM.Collect$$rtexit$$00000000           0x00000152   Section        2  rtexit.o(.ARM.Collect$$rtexit$$00000000)
    .ARM.Collect$$rtexit$$00000002           0x00000154   Section        0  rtexit2.o(.ARM.Collect$$rtexit$$00000002)
    .ARM.Collect$$rtexit$$00000003           0x00000154   Section        4  rtexit2.o(.ARM.Collect$$rtexit$$00000003)
    .ARM.Collect$$rtexit$$00000004           0x00000158   Section        6  rtexit2.o(.ARM.Collect$$rtexit$$00000004)
    .text                                    0x00000160   Section       60  startup_lpc17xx.o(.text)
    .text                                    0x0000019c   Section        0  deviceio.o(.text)
    .text                                    0x00000234   Section      100  rt_memcpy_w.o(.text)
    .text                                    0x00000298   Section        0  heapauxi.o(.text)
    .text                                    0x0000029e   Section       74  sys_stackheap_outer.o(.text)
    .text                                    0x000002e8   Section        0  exit.o(.text)
    .text                                    0x000002f4   Section        8  libspace.o(.text)
    .ARM.__at_0x02FC                         0x000002fc   Section        4  startup_lpc17xx.o(.ARM.__at_0x02FC)
    .text                                    0x00000300   Section        0  system_lpc17xx.o(.text)
    .text                                    0x00000574   Section        0  main.o(.text)
    .text                                    0x00000688   Section        0  uart.o(.text)
    .text                                    0x000008c0   Section        0  can.o(.text)
    CAN_cfgBaudrate                          0x000008c1   Thumb Code    82  can.o(.text)
    NVIC_EnableIRQ                           0x00000dcd   Thumb Code    22  can.o(.text)
    .text                                    0x00000e04   Section        0  rtc.o(.text)
    .text                                    0x00000f60   Section        0  sys_exit.o(.text)
    .text                                    0x00000f6c   Section        2  use_no_semi.o(.text)
    .text                                    0x00000f6e   Section        0  indicate_semi.o(.text)
    .constdata                               0x00000f70   Section       68  can.o(.constdata)
    .data                                    0x10000000   Section        4  system_lpc17xx.o(.data)
    .data                                    0x10000004   Section        4  main.o(.data)
    .data                                    0x10000008   Section       24  can.o(.data)
    CAN_std_cnt                              0x10000018   Data           4  can.o(.data)
    CAN_ext_cnt                              0x1000001c   Data           4  can.o(.data)
    .data                                    0x10000020   Section        4  rtc.o(.data)
    .bss                                     0x10000024   Section       64  can.o(.bss)
    .bss                                     0x10000064   Section       96  libspace.o(.bss)
    HEAP                                     0x100000c8   Section        0  startup_lpc17xx.o(HEAP)
    STACK                                    0x100000c8   Section      512  startup_lpc17xx.o(STACK)
    Heap_Mem                                 0x100000c8   Data           0  startup_lpc17xx.o(HEAP)
    Stack_Mem                                0x100000c8   Data         512  startup_lpc17xx.o(STACK)
    __initial_sp                             0x100002c8   Data           0  startup_lpc17xx.o(STACK)

    Global Symbols

    Symbol Name                              Value     Ov Type        Size  Object(Section)

    BuildAttributes$$THM_ISAv4$P$D$K$B$S$PE$A:L22UL41UL21$X:L11$S22US41US21$IEEE1$IW$USESV6$~STKCKD$USESV7$~SHL$OSPACE$ROPI$EBA8$UX$STANDARDLIB$REQ8$PRES8$EABIv2 0x00000000   Number         0  anon$$obj.o ABSOLUTE
    __ARM_use_no_argv                        0x00000000   Number         0  main.o ABSOLUTE
    __Vectors                                0x00000000   Data           4  startup_lpc17xx.o(RESET)
    __ARM_exceptions_init                     - Undefined Weak Reference
    __alloca_initialize                       - Undefined Weak Reference
    __cpp_initialize__aeabi_                  - Undefined Weak Reference
    __cxa_finalize                            - Undefined Weak Reference
    __rt_locale                               - Undefined Weak Reference
    __sigvec_lookup                           - Undefined Weak Reference
    _atexit_init                              - Undefined Weak Reference
    _call_atexit_fns                          - Undefined Weak Reference
    _clock_init                               - Undefined Weak Reference
    _fp_trap_init                             - Undefined Weak Reference
    _fp_trap_shutdown                         - Undefined Weak Reference
    _get_lc_collate                           - Undefined Weak Reference
    _get_lc_ctype                             - Undefined Weak Reference
    _get_lc_monetary                          - Undefined Weak Reference
    _get_lc_numeric                           - Undefined Weak Reference
    _get_lc_time                              - Undefined Weak Reference
    _getenv_init                              - Undefined Weak Reference
    _handle_redirection                       - Undefined Weak Reference
    _init_alloc                               - Undefined Weak Reference
    _init_user_alloc                          - Undefined Weak Reference
    _initio                                   - Undefined Weak Reference
    _rand_init                                - Undefined Weak Reference
    _signal_finish                            - Undefined Weak Reference
    _signal_init                              - Undefined Weak Reference
    _terminate_alloc                          - Undefined Weak Reference
    _terminate_user_alloc                     - Undefined Weak Reference
    _terminateio                              - Undefined Weak Reference
    __main                                   0x000000c5   Thumb Code     8  __main.o(!!!main)
    __scatterload                            0x000000cd   Thumb Code     0  __scatter.o(!!!scatter)
    __scatterload_rt2                        0x000000cd   Thumb Code    44  __scatter.o(!!!scatter)
    __scatterload_rt2_thumb_only             0x000000cd   Thumb Code     0  __scatter.o(!!!scatter)
    __scatterload_null                       0x000000db   Thumb Code     0  __scatter.o(!!!scatter)
    __scatterload_copy                       0x00000101   Thumb Code    26  __scatter_copy.o(!!handler_copy)
    __scatterload_zeroinit                   0x0000011d   Thumb Code    28  __scatter_zi.o(!!handler_zi)
    __rt_lib_init                            0x00000139   Thumb Code     0  libinit.o(.ARM.Collect$$libinit$$00000000)
    __rt_lib_init_alloca_1                   0x0000013b   Thumb Code     0  libinit2.o(.ARM.Collect$$libinit$$0000002C)
    __rt_lib_init_argv_1                     0x0000013b   Thumb Code     0  libinit2.o(.ARM.Collect$$libinit$$0000002A)
    __rt_lib_init_atexit_1                   0x0000013b   Thumb Code     0  libinit2.o(.ARM.Collect$$libinit$$00000019)
    __rt_lib_init_clock_1                    0x0000013b   Thumb Code     0  libinit2.o(.ARM.Collect$$libinit$$0000001F)
    __rt_lib_init_cpp_1                      0x0000013b   Thumb Code     0  libinit2.o(.ARM.Collect$$libinit$$00000030)
    __rt_lib_init_exceptions_1               0x0000013b   Thumb Code     0  libinit2.o(.ARM.Collect$$libinit$$0000002E)
    __rt_lib_init_fp_1                       0x0000013b   Thumb Code     0  libinit2.o(.ARM.Collect$$libinit$$00000002)
    __rt_lib_init_fp_trap_1                  0x0000013b   Thumb Code     0  libinit2.o(.ARM.Collect$$libinit$$0000001D)
    __rt_lib_init_getenv_1                   0x0000013b   Thumb Code     0  libinit2.o(.ARM.Collect$$libinit$$00000021)
    __rt_lib_init_heap_1                     0x0000013b   Thumb Code     0  libinit2.o(.ARM.Collect$$libinit$$00000008)
    __rt_lib_init_lc_collate_1               0x0000013b   Thumb Code     0  libinit2.o(.ARM.Collect$$libinit$$0000000F)
    __rt_lib_init_lc_ctype_1                 0x0000013b   Thumb Code     0  libinit2.o(.ARM.Collect$$libinit$$00000011)
    __rt_lib_init_lc_monetary_1              0x0000013b   Thumb Code     0  libinit2.o(.ARM.Collect$$libinit$$00000013)
    __rt_lib_init_lc_numeric_1               0x0000013b   Thumb Code     0  libinit2.o(.ARM.Collect$$libinit$$00000015)
    __rt_lib_init_lc_time_1                  0x0000013b   Thumb Code     0  libinit2.o(.ARM.Collect$$libinit$$00000017)
    __rt_lib_init_rand_1                     0x0000013b   Thumb Code     0  libinit2.o(.ARM.Collect$$libinit$$0000000C)
    __rt_lib_init_return                     0x0000013b   Thumb Code     0  libinit2.o(.ARM.Collect$$libinit$$00000031)
    __rt_lib_init_signal_1                   0x0000013b   Thumb Code     0  libinit2.o(.ARM.Collect$$libinit$$0000001B)
    __rt_lib_init_stdio_1                    0x0000013b   Thumb Code     0  libinit2.o(.ARM.Collect$$libinit$$00000023)
    __rt_lib_init_user_alloc_1               0x0000013b   Thumb Code     0  libinit2.o(.ARM.Collect$$libinit$$0000000A)
    __rt_lib_shutdown                        0x0000013d   Thumb Code     0  libshutdown.o(.ARM.Collect$$libshutdown$$00000000)
    __rt_lib_shutdown_fp_trap_1              0x0000013f   Thumb Code     0  libshutdown2.o(.ARM.Collect$$libshutdown$$00000006)
    __rt_lib_shutdown_heap_1                 0x0000013f   Thumb Code     0  libshutdown2.o(.ARM.Collect$$libshutdown$$0000000E)
    __rt_lib_shutdown_return                 0x0000013f   Thumb Code     0  libshutdown2.o(.ARM.Collect$$libshutdown$$0000000F)
    __rt_lib_shutdown_signal_1               0x0000013f   Thumb Code     0  libshutdown2.o(.ARM.Collect$$libshutdown$$00000009)
    __rt_lib_shutdown_stdio_1                0x0000013f   Thumb Code     0  libshutdown2.o(.ARM.Collect$$libshutdown$$00000003)
    __rt_lib_shutdown_user_alloc_1           0x0000013f   Thumb Code     0  libshutdown2.o(.ARM.Collect$$libshutdown$$0000000B)
    __rt_entry                               0x00000141   Thumb Code     0  rtentry.o(.ARM.Collect$$rtentry$$00000000)
    __rt_entry_presh_1                       0x00000141   Thumb Code     0  rtentry2.o(.ARM.Collect$$rtentry$$00000002)
    __rt_entry_sh                            0x00000141   Thumb Code     0  rtentry4.o(.ARM.Collect$$rtentry$$00000004)
    __rt_entry_li                            0x00000147   Thumb Code     0  rtentry2.o(.ARM.Collect$$rtentry$$0000000A)
    __rt_entry_postsh_1                      0x00000147   Thumb Code     0  rtentry2.o(.ARM.Collect$$rtentry$$00000009)
    __rt_entry_main                          0x0000014b   Thumb Code     0  rtentry2.o(.ARM.Collect$$rtentry$$0000000D)
    __rt_entry_postli_1                      0x0000014b   Thumb Code     0  rtentry2.o(.ARM.Collect$$rtentry$$0000000C)
    __rt_exit                                0x00000153   Thumb Code     0  rtexit.o(.ARM.Collect$$rtexit$$00000000)
    __rt_exit_ls                             0x00000155   Thumb Code     0  rtexit2.o(.ARM.Collect$$rtexit$$00000003)
    __rt_exit_prels_1                        0x00000155   Thumb Code     0  rtexit2.o(.ARM.Collect$$rtexit$$00000002)
    __rt_exit_exit                           0x00000159   Thumb Code     0  rtexit2.o(.ARM.Collect$$rtexit$$00000004)
    Reset_Handler                            0x00000161   Thumb Code     8  startup_lpc17xx.o(.text)
    NMI_Handler                              0x00000169   Thumb Code     2  startup_lpc17xx.o(.text)
    HardFault_Handler                        0x0000016b   Thumb Code     2  startup_lpc17xx.o(.text)
    MemManage_Handler                        0x0000016d   Thumb Code     2  startup_lpc17xx.o(.text)
    BusFault_Handler                         0x0000016f   Thumb Code     2  startup_lpc17xx.o(.text)
    UsageFault_Handler                       0x00000171   Thumb Code     2  startup_lpc17xx.o(.text)
    SVC_Handler                              0x00000173   Thumb Code     2  startup_lpc17xx.o(.text)
    DebugMon_Handler                         0x00000175   Thumb Code     2  startup_lpc17xx.o(.text)
    PendSV_Handler                           0x00000177   Thumb Code     2  startup_lpc17xx.o(.text)
    ADC_IRQHandler                           0x0000017b   Thumb Code     0  startup_lpc17xx.o(.text)
    BOD_IRQHandler                           0x0000017b   Thumb Code     0  startup_lpc17xx.o(.text)
    DMA_IRQHandler                           0x0000017b   Thumb Code     0  startup_lpc17xx.o(.text)
    EINT0_IRQHandler                         0x0000017b   Thumb Code     0  startup_lpc17xx.o(.text)
    EINT1_IRQHandler                         0x0000017b   Thumb Code     0  startup_lpc17xx.o(.text)
    EINT2_IRQHandler                         0x0000017b   Thumb Code     0  startup_lpc17xx.o(.text)
    EINT3_IRQHandler                         0x0000017b   Thumb Code     0  startup_lpc17xx.o(.text)
    ENET_IRQHandler                          0x0000017b   Thumb Code     0  startup_lpc17xx.o(.text)
    I2C0_IRQHandler                          0x0000017b   Thumb Code     0  startup_lpc17xx.o(.text)
    I2C1_IRQHandler                          0x0000017b   Thumb Code     0  startup_lpc17xx.o(.text)
    I2C2_IRQHandler                          0x0000017b   Thumb Code     0  startup_lpc17xx.o(.text)
    I2S_IRQHandler                           0x0000017b   Thumb Code     0  startup_lpc17xx.o(.text)
    MCPWM_IRQHandler                         0x0000017b   Thumb Code     0  startup_lpc17xx.o(.text)
    PLL0_IRQHandler                          0x0000017b   Thumb Code     0  startup_lpc17xx.o(.text)
    PLL1_IRQHandler                          0x0000017b   Thumb Code     0  startup_lpc17xx.o(.text)
    PWM1_IRQHandler                          0x0000017b   Thumb Code     0  startup_lpc17xx.o(.text)
    QEI_IRQHandler                           0x0000017b   Thumb Code     0  startup_lpc17xx.o(.text)
    RIT_IRQHandler                           0x0000017b   Thumb Code     0  startup_lpc17xx.o(.text)
    SPI_IRQHandler                           0x0000017b   Thumb Code     0  startup_lpc17xx.o(.text)
    SSP0_IRQHandler                          0x0000017b   Thumb Code     0  startup_lpc17xx.o(.text)
    SSP1_IRQHandler                          0x0000017b   Thumb Code     0  startup_lpc17xx.o(.text)
    TIMER0_IRQHandler                        0x0000017b   Thumb Code     0  startup_lpc17xx.o(.text)
    TIMER1_IRQHandler                        0x0000017b   Thumb Code     0  startup_lpc17xx.o(.text)
    TIMER2_IRQHandler                        0x0000017b   Thumb Code     0  startup_lpc17xx.o(.text)
    TIMER3_IRQHandler                        0x0000017b   Thumb Code     0  startup_lpc17xx.o(.text)
    UART0_IRQHandler                         0x0000017b   Thumb Code     0  startup_lpc17xx.o(.text)
    UART1_IRQHandler                         0x0000017b   Thumb Code     0  startup_lpc17xx.o(.text)
    UART3_IRQHandler                         0x0000017b   Thumb Code     0  startup_lpc17xx.o(.text)
    USB_IRQHandler                           0x0000017b   Thumb Code     0  startup_lpc17xx.o(.text)
    WDT_IRQHandler                           0x0000017b   Thumb Code     0  startup_lpc17xx.o(.text)
    __user_initial_stackheap                 0x0000017d   Thumb Code     0  startup_lpc17xx.o(.text)
    Led1On                                   0x0000019d   Thumb Code    14  deviceio.o(.text)
    Led1Off                                  0x000001ab   Thumb Code    14  deviceio.o(.text)
    Led2On                                   0x000001b9   Thumb Code    14  deviceio.o(.text)
    Led2Off                                  0x000001c7   Thumb Code    14  deviceio.o(.text)
    Led1Set                                  0x000001d5   Thumb Code    18  deviceio.o(.text)
    Led2Set                                  0x000001e7   Thumb Code    30  deviceio.o(.text)
    LedInit                                  0x00000205   Thumb Code    44  deviceio.o(.text)
    __aeabi_memcpy4                          0x00000235   Thumb Code     0  rt_memcpy_w.o(.text)
    __aeabi_memcpy8                          0x00000235   Thumb Code     0  rt_memcpy_w.o(.text)
    __rt_memcpy_w                            0x00000235   Thumb Code   100  rt_memcpy_w.o(.text)
    _memcpy_lastbytes_aligned                0x0000027d   Thumb Code     0  rt_memcpy_w.o(.text)
    __use_two_region_memory                  0x00000299   Thumb Code     2  heapauxi.o(.text)
    __rt_heap_escrow$2region                 0x0000029b   Thumb Code     2  heapauxi.o(.text)
    __rt_heap_expand$2region                 0x0000029d   Thumb Code     2  heapauxi.o(.text)
    __user_setup_stackheap                   0x0000029f   Thumb Code    74  sys_stackheap_outer.o(.text)
    exit                                     0x000002e9   Thumb Code    12  exit.o(.text)
    __user_libspace                          0x000002f5   Thumb Code     8  libspace.o(.text)
    __user_perproc_libspace                  0x000002f5   Thumb Code     0  libspace.o(.text)
    __user_perthread_libspace                0x000002f5   Thumb Code     0  libspace.o(.text)
    SystemCoreClockUpdate                    0x00000301   Thumb Code   306  system_lpc17xx.o(.text)
    SystemInit                               0x00000433   Thumb Code   292  system_lpc17xx.o(.text)
    SysTick_Handler                          0x00000575   Thumb Code    12  main.o(.text)
    CanInit                                  0x00000581   Thumb Code    32  main.o(.text)
    main                                     0x000005a1   Thumb Code   208  main.o(.text)
    UART0_Init                               0x00000689   Thumb Code    84  uart.o(.text)
    UART0_SendByte                           0x000006dd   Thumb Code    20  uart.o(.text)
    UART0_GetChar                            0x000006f1   Thumb Code    20  uart.o(.text)
    UART0_SendString                         0x00000705   Thumb Code    22  uart.o(.text)
    UART2_Init                               0x0000071b   Thumb Code   110  uart.o(.text)
    UART2_SendByte                           0x00000789   Thumb Code    20  uart.o(.text)
    UART2_GetChar                            0x0000079d   Thumb Code    20  uart.o(.text)
    UART2_SendString                         0x000007b1   Thumb Code    22  uart.o(.text)
    UART3_Init                               0x000007c7   Thumb Code   116  uart.o(.text)
    UART3_SendByte                           0x0000083b   Thumb Code    58  uart.o(.text)
    UART3_GetChar                            0x00000875   Thumb Code    20  uart.o(.text)
    UART3_SendString                         0x00000889   Thumb Code    22  uart.o(.text)
    UART2_IRQHandler                         0x0000089f   Thumb Code     6  uart.o(.text)
    CAN_setup                                0x00000913   Thumb Code   140  can.o(.text)
    CAN_start                                0x0000099f   Thumb Code    18  can.o(.text)
    CAN_waitReady                            0x000009b1   Thumb Code    38  can.o(.text)
    CAN_wrMsg                                0x000009d7   Thumb Code    84  can.o(.text)
    CAN_rdMsg                                0x00000a2b   Thumb Code    52  can.o(.text)
    CAN_wrFilter                             0x00000a5f   Thumb Code   826  can.o(.text)
    CAN_IRQHandler                           0x00000d99   Thumb Code    52  can.o(.text)
    RTC_IRQHandler                           0x00000e05   Thumb Code    20  rtc.o(.text)
    RTCInit                                  0x00000e19   Thumb Code    62  rtc.o(.text)
    RTCStart                                 0x00000e57   Thumb Code    18  rtc.o(.text)
    RTCStop                                  0x00000e69   Thumb Code    14  rtc.o(.text)
    RTC_CTCReset                             0x00000e77   Thumb Code    14  rtc.o(.text)
    RTCSetTime                               0x00000e85   Thumb Code    58  rtc.o(.text)
    RTCSetAlarm                              0x00000ebf   Thumb Code    62  rtc.o(.text)
    RTCGetTime                               0x00000efd   Thumb Code    80  rtc.o(.text)
    RTCSetAlarmMask                          0x00000f4d   Thumb Code     6  rtc.o(.text)
    _sys_exit                                0x00000f61   Thumb Code     8  sys_exit.o(.text)
    __I$use$semihosting                      0x00000f6d   Thumb Code     0  use_no_semi.o(.text)
    __use_no_semihosting_swi                 0x00000f6d   Thumb Code     2  use_no_semi.o(.text)
    __semihosting_library_function           0x00000f6f   Thumb Code     0  indicate_semi.o(.text)
    CAN_BIT_TIME                             0x00000f70   Data          68  can.o(.constdata)
    Region$$Table$$Base                      0x00000fb4   Number         0  anon$$obj.o(Region$$Table)
    Region$$Table$$Limit                     0x00000fd4   Number         0  anon$$obj.o(Region$$Table)
    SystemCoreClock                          0x10000000   Data           4  system_lpc17xx.o(.data)
    msTicks                                  0x10000004   Data           4  main.o(.data)
    CAN_TxRdy                                0x10000008   Data           8  can.o(.data)
    CAN_RxRdy                                0x10000010   Data           8  can.o(.data)
    alarm_on                                 0x10000020   Data           4  rtc.o(.data)
    CAN_TxMsg                                0x10000024   Data          32  can.o(.bss)
    CAN_RxMsg                                0x10000044   Data          32  can.o(.bss)
    __libspace_start                         0x10000064   Data          96  libspace.o(.bss)
    __temporary_stack_top$libspace           0x100000c4   Data           0  libspace.o(.bss)



==============================================================================

Memory Map of the image

  Image Entry point : 0x000000c5

  Load Region LR_IROM1 (Base: 0x00000000, Size: 0x00000ff8, Max: 0x00080000, ABSOLUTE)

    Execution Region ER_IROM1 (Base: 0x00000000, Size: 0x00000fd4, Max: 0x00080000, ABSOLUTE)

    Base Addr    Size         Type   Attr      Idx    E Section Name        Object

    0x00000000   0x000000c4   Data   RO           44    RESET               startup_lpc17xx.o
    0x000000c4   0x00000008   Code   RO          250  * !!!main             c_w.l(__main.o)
    0x000000cc   0x00000034   Code   RO          404    !!!scatter          c_w.l(__scatter.o)
    0x00000100   0x0000001a   Code   RO          406    !!handler_copy      c_w.l(__scatter_copy.o)
    0x0000011a   0x00000002   PAD
    0x0000011c   0x0000001c   Code   RO          408    !!handler_zi        c_w.l(__scatter_zi.o)
    0x00000138   0x00000002   Code   RO          277    .ARM.Collect$$libinit$$00000000  c_w.l(libinit.o)
    0x0000013a   0x00000000   Code   RO          284    .ARM.Collect$$libinit$$00000002  c_w.l(libinit2.o)
    0x0000013a   0x00000000   Code   RO          287    .ARM.Collect$$libinit$$00000008  c_w.l(libinit2.o)
    0x0000013a   0x00000000   Code   RO          289    .ARM.Collect$$libinit$$0000000A  c_w.l(libinit2.o)
    0x0000013a   0x00000000   Code   RO          291    .ARM.Collect$$libinit$$0000000C  c_w.l(libinit2.o)
    0x0000013a   0x00000000   Code   RO          294    .ARM.Collect$$libinit$$0000000F  c_w.l(libinit2.o)
    0x0000013a   0x00000000   Code   RO          296    .ARM.Collect$$libinit$$00000011  c_w.l(libinit2.o)
    0x0000013a   0x00000000   Code   RO          298    .ARM.Collect$$libinit$$00000013  c_w.l(libinit2.o)
    0x0000013a   0x00000000   Code   RO          300    .ARM.Collect$$libinit$$00000015  c_w.l(libinit2.o)
    0x0000013a   0x00000000   Code   RO          302    .ARM.Collect$$libinit$$00000017  c_w.l(libinit2.o)
    0x0000013a   0x00000000   Code   RO          304    .ARM.Collect$$libinit$$00000019  c_w.l(libinit2.o)
    0x0000013a   0x00000000   Code   RO          306    .ARM.Collect$$libinit$$0000001B  c_w.l(libinit2.o)
    0x0000013a   0x00000000   Code   RO          308    .ARM.Collect$$libinit$$0000001D  c_w.l(libinit2.o)
    0x0000013a   0x00000000   Code   RO          310    .ARM.Collect$$libinit$$0000001F  c_w.l(libinit2.o)
    0x0000013a   0x00000000   Code   RO          312    .ARM.Collect$$libinit$$00000021  c_w.l(libinit2.o)
    0x0000013a   0x00000000   Code   RO          314    .ARM.Collect$$libinit$$00000023  c_w.l(libinit2.o)
    0x0000013a   0x00000000   Code   RO          318    .ARM.Collect$$libinit$$0000002A  c_w.l(libinit2.o)
    0x0000013a   0x00000000   Code   RO          320    .ARM.Collect$$libinit$$0000002C  c_w.l(libinit2.o)
    0x0000013a   0x00000000   Code   RO          322    .ARM.Collect$$libinit$$0000002E  c_w.l(libinit2.o)
    0x0000013a   0x00000000   Code   RO          324    .ARM.Collect$$libinit$$00000030  c_w.l(libinit2.o)
    0x0000013a   0x00000002   Code   RO          325    .ARM.Collect$$libinit$$00000031  c_w.l(libinit2.o)
    0x0000013c   0x00000002   Code   RO          345    .ARM.Collect$$libshutdown$$00000000  c_w.l(libshutdown.o)
    0x0000013e   0x00000000   Code   RO          359    .ARM.Collect$$libshutdown$$00000003  c_w.l(libshutdown2.o)
    0x0000013e   0x00000000   Code   RO          362    .ARM.Collect$$libshutdown$$00000006  c_w.l(libshutdown2.o)
    0x0000013e   0x00000000   Code   RO          365    .ARM.Collect$$libshutdown$$00000009  c_w.l(libshutdown2.o)
    0x0000013e   0x00000000   Code   RO          367    .ARM.Collect$$libshutdown$$0000000B  c_w.l(libshutdown2.o)
    0x0000013e   0x00000000   Code   RO          370    .ARM.Collect$$libshutdown$$0000000E  c_w.l(libshutdown2.o)
    0x0000013e   0x00000002   Code   RO          371    .ARM.Collect$$libshutdown$$0000000F  c_w.l(libshutdown2.o)
    0x00000140   0x00000000   Code   RO          252    .ARM.Collect$$rtentry$$00000000  c_w.l(rtentry.o)
    0x00000140   0x00000000   Code   RO          254    .ARM.Collect$$rtentry$$00000002  c_w.l(rtentry2.o)
    0x00000140   0x00000006   Code   RO          266    .ARM.Collect$$rtentry$$00000004  c_w.l(rtentry4.o)
    0x00000146   0x00000000   Code   RO          256    .ARM.Collect$$rtentry$$00000009  c_w.l(rtentry2.o)
    0x00000146   0x00000004   Code   RO          257    .ARM.Collect$$rtentry$$0000000A  c_w.l(rtentry2.o)
    0x0000014a   0x00000000   Code   RO          259    .ARM.Collect$$rtentry$$0000000C  c_w.l(rtentry2.o)
    0x0000014a   0x00000008   Code   RO          260    .ARM.Collect$$rtentry$$0000000D  c_w.l(rtentry2.o)
    0x00000152   0x00000002   Code   RO          281    .ARM.Collect$$rtexit$$00000000  c_w.l(rtexit.o)
    0x00000154   0x00000000   Code   RO          327    .ARM.Collect$$rtexit$$00000002  c_w.l(rtexit2.o)
    0x00000154   0x00000004   Code   RO          328    .ARM.Collect$$rtexit$$00000003  c_w.l(rtexit2.o)
    0x00000158   0x00000006   Code   RO          329    .ARM.Collect$$rtexit$$00000004  c_w.l(rtexit2.o)
    0x0000015e   0x00000002   PAD
    0x00000160   0x0000003c   Code   RO           46    .text               startup_lpc17xx.o
    0x0000019c   0x00000098   Code   RO           54    .text               deviceio.o
    0x00000234   0x00000064   Code   RO          246    .text               c_w.l(rt_memcpy_w.o)
    0x00000298   0x00000006   Code   RO          248    .text               c_w.l(heapauxi.o)
    0x0000029e   0x0000004a   Code   RO          268    .text               c_w.l(sys_stackheap_outer.o)
    0x000002e8   0x0000000c   Code   RO          270    .text               c_w.l(exit.o)
    0x000002f4   0x00000008   Code   RO          278    .text               c_w.l(libspace.o)
    0x000002fc   0x00000004   Code   RO           45    .ARM.__at_0x02FC    startup_lpc17xx.o
    0x00000300   0x00000274   Code   RO           17    .text               system_lpc17xx.o
    0x00000574   0x00000114   Code   RO           94    .text               main.o
    0x00000688   0x00000238   Code   RO          132    .text               uart.o
    0x000008c0   0x00000544   Code   RO          165    .text               can.o
    0x00000e04   0x0000015c   Code   RO          200    .text               rtc.o
    0x00000f60   0x0000000c   Code   RO          337    .text               c_w.l(sys_exit.o)
    0x00000f6c   0x00000002   Code   RO          348    .text               c_w.l(use_no_semi.o)
    0x00000f6e   0x00000000   Code   RO          350    .text               c_w.l(indicate_semi.o)
    0x00000f6e   0x00000002   PAD
    0x00000f70   0x00000044   Data   RO          167    .constdata          can.o
    0x00000fb4   0x00000020   Data   RO          402    Region$$Table       anon$$obj.o


    Execution Region RW_IRAM1 (Base: 0x10000000, Size: 0x000002c8, Max: 0x00008000, ABSOLUTE)

    Base Addr    Size         Type   Attr      Idx    E Section Name        Object

    0x10000000   0x00000004   Data   RW           18    .data               system_lpc17xx.o
    0x10000004   0x00000004   Data   RW           95    .data               main.o
    0x10000008   0x00000018   Data   RW          168    .data               can.o
    0x10000020   0x00000004   Data   RW          201    .data               rtc.o
    0x10000024   0x00000040   Zero   RW          166    .bss                can.o
    0x10000064   0x00000060   Zero   RW          279    .bss                c_w.l(libspace.o)
    0x100000c4   0x00000004   PAD
    0x100000c8   0x00000000   Zero   RW           43    HEAP                startup_lpc17xx.o
    0x100000c8   0x00000200   Zero   RW           42    STACK               startup_lpc17xx.o


==============================================================================

Image component sizes


      Code (inc. data)   RO Data    RW Data    ZI Data      Debug   Object Name

      1348         86         68         24         64      44694   can.o
         0          0          0          0          0       4344   core_cm3.o
       152          4          0          0          0      17860   deviceio.o
       276         24          0          4          0      25608   main.o
       348         14          0          4          0       2900   rtc.o
        64         26        196          0        512        976   startup_lpc17xx.o
       628         30          0          4          0        921   system_lpc17xx.o
       568         28          0          0          0       2866   uart.o

    ----------------------------------------------------------------------
      3384        212        296         36        576     100169   Object Totals
         0          0         32          0          0          0   (incl. Generated)
         0          0          0          0          0          0   (incl. Padding)

    ----------------------------------------------------------------------

      Code (inc. data)   RO Data    RW Data    ZI Data      Debug   Library Member Name

         8          0          0          0          0         68   __main.o
        52          8          0          0          0          0   __scatter.o
        26          0          0          0          0          0   __scatter_copy.o
        28          0          0          0          0          0   __scatter_zi.o
        12          0          0          0          0         72   exit.o
         6          0          0          0          0        152   heapauxi.o
         0          0          0          0          0          0   indicate_semi.o
         2          0          0          0          0          0   libinit.o
         2          0          0          0          0          0   libinit2.o
         2          0          0          0          0          0   libshutdown.o
         2          0          0          0          0          0   libshutdown2.o
         8          4          0          0         96         68   libspace.o
       100          0          0          0          0         80   rt_memcpy_w.o
         0          0          0          0          0          0   rtentry.o
        12          0          0          0          0          0   rtentry2.o
         6          0          0          0          0          0   rtentry4.o
         2          0          0          0          0          0   rtexit.o
        10          0          0          0          0          0   rtexit2.o
        12          4          0          0          0         68   sys_exit.o
        74          0          0          0          0         80   sys_stackheap_outer.o
         2          0          0          0          0         68   use_no_semi.o

    ----------------------------------------------------------------------
       372         16          0          0        100        656   Library Totals
         6          0          0          0          4          0   (incl. Padding)

    ----------------------------------------------------------------------

      Code (inc. data)   RO Data    RW Data    ZI Data      Debug   Library Name

       366         16          0          0         96        656   c_w.l

    ----------------------------------------------------------------------
       372         16          0          0        100        656   Library Totals

    ----------------------------------------------------------------------

==============================================================================


      Code (inc. data)   RO Data    RW Data    ZI Data      Debug   

      3756        228        296         36        676     100041   Grand Totals
      3756        228        296         36        676     100041   ELF Image Totals
      3756        228        296         36          0          0   ROM Totals

==============================================================================

    Total RO  Size (Code + RO Data)                 4052 (   3.96kB)
    Total RW  Size (RW Data + ZI Data)               712 (   0.70kB)
    Total ROM Size (Code + RO Data + RW Data)       4088 (   3.99kB)

==============================================================================

