Product: MDK-ARM Professional 5.10
Component: ARM Compiler 5.04 update 1 (build 49)
Tool: armlink [5040049]

==============================================================================

Section Cross References

    system_lpc17xx.o(.text) refers to system_lpc17xx.o(.data) for SystemCoreClock
    startup_lpc17xx.o(STACK) refers (Special) to heapauxi.o(.text) for __use_two_region_memory
    startup_lpc17xx.o(HEAP) refers (Special) to heapauxi.o(.text) for __use_two_region_memory
    startup_lpc17xx.o(RESET) refers (Special) to heapauxi.o(.text) for __use_two_region_memory
    startup_lpc17xx.o(RESET) refers to startup_lpc17xx.o(STACK) for __initial_sp
    startup_lpc17xx.o(RESET) refers to startup_lpc17xx.o(.text) for Reset_Handler
    startup_lpc17xx.o(RESET) refers to timer.o(.text) for SysTick_Handler
    startup_lpc17xx.o(RESET) refers to rtuframe.o(.text) for UART2_IRQHandler
    startup_lpc17xx.o(RESET) refers to rtc.o(.text) for RTC_IRQHandler
    startup_lpc17xx.o(RESET) refers to can.o(.text) for CAN_IRQHandler
    startup_lpc17xx.o(.ARM.__at_0x02FC) refers (Special) to heapauxi.o(.text) for __use_two_region_memory
    startup_lpc17xx.o(.text) refers (Special) to heapauxi.o(.text) for __use_two_region_memory
    startup_lpc17xx.o(.text) refers to system_lpc17xx.o(.text) for SystemInit
    startup_lpc17xx.o(.text) refers to __main.o(!!!main) for __main
    startup_lpc17xx.o(.text) refers to startup_lpc17xx.o(HEAP) for Heap_Mem
    startup_lpc17xx.o(.text) refers to startup_lpc17xx.o(STACK) for Stack_Mem
    main.o(.text) refers to can.o(.text) for CAN_setup
    main.o(.text) refers to system_lpc17xx.o(.text) for SystemInit
    main.o(.text) refers to deviceio.o(.text) for InitDeviceIO
    main.o(.text) refers to rs485.o(.text) for Init_UART2
    main.o(.text) refers to rtuframe.o(.text) for ReciveFrameDataInit
    main.o(.text) refers to devicenet.o(.text) for InitDeviceNet
    main.o(.text) refers to netapp.o(.text) for InitNetApp
    main.o(.text) refers to action.o(.text) for ExecuteFunctioncode
    main.o(.text) refers to buffer.o(.text) for BufferDequeue
    main.o(.text) refers to system_lpc17xx.o(.data) for SystemCoreClock
    main.o(.text) refers to main.o(.bss) for sendFrame
    devicenet.o(.text) refers to timer.o(i.IsOverTime) for IsOverTime
    devicenet.o(.text) refers to can.o(.text) for CAN_waitReady
    devicenet.o(.text) refers to rt_memcpy_v6.o(.text) for __aeabi_memcpy
    devicenet.o(.text) refers to devicenet.o(.bss) for StationList
    devicenet.o(.text) refers to timer.o(.data) for g_MsTicks
    devicenet.o(.text) refers to devicenet.o(.data) for MacList
    devicenet.o(.text) refers to can.o(.bss) for CAN_TxMsg
    devicenet.o(.text) refers to netapp.o(.text) for StationStatusCycleService
    devicenet.o(.text) refers to rtuframe.o(.text) for GenRTUFrame
    devicenet.o(.data) refers to devicenet.o(.conststring) for .conststring
    buffer.o(.text) refers to rt_memcpy_w.o(.text) for __aeabi_memcpy4
    buffer.o(.text) refers to buffer.o(.data) for FifoInfor
    buffer.o(.text) refers to buffer.o(.bss) for CanMsg
    netapp.o(.text) refers to buffer.o(.text) for BufferInit
    netapp.o(.text) refers to timer.o(i.IsOverTime) for IsOverTime
    netapp.o(.text) refers to devicenet.o(.text) for UartSendMessage
    netapp.o(.text) refers to netapp.o(.data) for g_WorkMode
    netapp.o(.text) refers to devicenet.o(.bss) for StationList
    netapp.o(.text) refers to netapp.o(.bss) for SynchronousState
    netapp.o(.text) refers to devicenet.o(.data) for MacList
    netapp.o(.text) refers to timer.o(.data) for g_MsTicks
    can.o(.text) refers to system_lpc17xx.o(.data) for SystemCoreClock
    can.o(.text) refers to can.o(.constdata) for CAN_BIT_TIME
    can.o(.text) refers to can.o(.data) for CAN_TxRdy
    can.o(.text) refers to buffer.o(.text) for BufferEnqueue
    can.o(.text) refers to can.o(.bss) for CAN_RxMsg
    rtc.o(.text) refers to rt_memcpy_w.o(.text) for __aeabi_memcpy4
    rtc.o(.text) refers to rtc.o(.data) for alarm_on
    timer.o(.text) refers to timer.o(.data) for timer0_counter
    rs485.o(.text) refers to system_lpc17xx.o(.data) for SystemCoreClock
    rs485.o(.text) refers to rs485.o(.bss) for TXBuffer
    rs485.o(.text) refers to rs485.o(.data) for TXlen
    crc16.o(.text) refers to crc16.o(.constdata) for auchCRCHi
    rtuframe.o(.text) refers to crc16.o(.text) for CRC16
    rtuframe.o(.text) refers to rs485.o(.text) for UART2_SendData
    rtuframe.o(.text) refers to rtuframe.o(.data) for ReciveBufferLen
    rtuframe.o(.text) refers to rtuframe.o(.bss) for ReciveBuffer
    action.o(.text) refers to fflt_clz.o(x$fpl$ffltu) for __aeabi_ui2f
    action.o(.text) refers to f2d.o(x$fpl$f2d) for __aeabi_f2d
    action.o(.text) refers to dmul.o(x$fpl$dmul) for __aeabi_dmul
    action.o(.text) refers to d2f.o(x$fpl$d2f) for __aeabi_d2f
    action.o(.text) refers to fmul.o(x$fpl$fmul) for __aeabi_fmul
    action.o(.text) refers to ffixu.o(x$fpl$ffixu) for __aeabi_f2uiz
    action.o(.text) refers to devicenet.o(.text) for RestartEstablishLink
    action.o(.text) refers to netapp.o(.text) for SynchronousOperationReady
    action.o(.text) refers to rt_memcpy_v6.o(.text) for __aeabi_memcpy
    action.o(.text) refers to rtuframe.o(.text) for GenRTUFrame
    action.o(.text) refers to action.o(.data) for testA
    action.o(.text) refers to devicenet.o(.data) for MacList
    action.o(.text) refers to action.o(.bss) for SendDataBuffer
    rt_memcpy_v6.o(.text) refers to rt_memcpy_w.o(.text) for __aeabi_memcpy4
    __main.o(!!!main) refers to rtentry.o(.ARM.Collect$$rtentry$$00000000) for __rt_entry
    d2f.o(x$fpl$d2f) refers (Special) to usenofp.o(x$fpl$usenofp) for __I$use$fp
    d2f.o(x$fpl$d2f) refers to fretinf.o(x$fpl$fretinf) for __fpl_fretinf
    d2f.o(x$fpl$d2f) refers to dnaninf.o(x$fpl$dnaninf) for __fpl_dnaninf
    dmul.o(x$fpl$dmul) refers (Special) to usenofp.o(x$fpl$usenofp) for __I$use$fp
    dmul.o(x$fpl$dmul) refers to dretinf.o(x$fpl$dretinf) for __fpl_dretinf
    dmul.o(x$fpl$dmul) refers to dnaninf.o(x$fpl$dnaninf) for __fpl_dnaninf
    f2d.o(x$fpl$f2d) refers (Special) to usenofp.o(x$fpl$usenofp) for __I$use$fp
    f2d.o(x$fpl$f2d) refers to fnaninf.o(x$fpl$fnaninf) for __fpl_fnaninf
    f2d.o(x$fpl$f2d) refers to dretinf.o(x$fpl$dretinf) for __fpl_dretinf
    ffixu.o(x$fpl$ffixu) refers (Special) to usenofp.o(x$fpl$usenofp) for __I$use$fp
    ffixu.o(x$fpl$ffixu) refers to fnaninf.o(x$fpl$fnaninf) for __fpl_fnaninf
    ffixu.o(x$fpl$ffixur) refers (Special) to usenofp.o(x$fpl$usenofp) for __I$use$fp
    ffixu.o(x$fpl$ffixur) refers to fnaninf.o(x$fpl$fnaninf) for __fpl_fnaninf
    fflt_clz.o(x$fpl$ffltu) refers (Special) to usenofp.o(x$fpl$usenofp) for __I$use$fp
    fflt_clz.o(x$fpl$fflt) refers (Special) to usenofp.o(x$fpl$usenofp) for __I$use$fp
    fflt_clz.o(x$fpl$ffltn) refers (Special) to usenofp.o(x$fpl$usenofp) for __I$use$fp
    fmul.o(x$fpl$fmul) refers (Special) to usenofp.o(x$fpl$usenofp) for __I$use$fp
    fmul.o(x$fpl$fmul) refers to fretinf.o(x$fpl$fretinf) for __fpl_fretinf
    fmul.o(x$fpl$fmul) refers to fnaninf.o(x$fpl$fnaninf) for __fpl_fnaninf
    rtentry.o(.ARM.Collect$$rtentry$$00000000) refers (Special) to rtentry2.o(.ARM.Collect$$rtentry$$0000000A) for __rt_entry_li
    rtentry.o(.ARM.Collect$$rtentry$$00000000) refers (Special) to rtentry2.o(.ARM.Collect$$rtentry$$0000000D) for __rt_entry_main
    rtentry.o(.ARM.Collect$$rtentry$$00000000) refers (Special) to rtentry2.o(.ARM.Collect$$rtentry$$0000000C) for __rt_entry_postli_1
    rtentry.o(.ARM.Collect$$rtentry$$00000000) refers (Special) to rtentry2.o(.ARM.Collect$$rtentry$$00000009) for __rt_entry_postsh_1
    rtentry.o(.ARM.Collect$$rtentry$$00000000) refers (Special) to rtentry2.o(.ARM.Collect$$rtentry$$00000002) for __rt_entry_presh_1
    rtentry.o(.ARM.Collect$$rtentry$$00000000) refers (Special) to rtentry4.o(.ARM.Collect$$rtentry$$00000004) for __rt_entry_sh
    dnaninf.o(x$fpl$dnaninf) refers (Special) to usenofp.o(x$fpl$usenofp) for __I$use$fp
    dretinf.o(x$fpl$dretinf) refers (Special) to usenofp.o(x$fpl$usenofp) for __I$use$fp
    fnaninf.o(x$fpl$fnaninf) refers (Special) to usenofp.o(x$fpl$usenofp) for __I$use$fp
    fretinf.o(x$fpl$fretinf) refers (Special) to usenofp.o(x$fpl$usenofp) for __I$use$fp
    rtentry2.o(.ARM.Collect$$rtentry$$00000008) refers to boardinit2.o(.text) for _platform_post_stackheap_init
    rtentry2.o(.ARM.Collect$$rtentry$$0000000A) refers to libinit.o(.ARM.Collect$$libinit$$00000000) for __rt_lib_init
    rtentry2.o(.ARM.Collect$$rtentry$$0000000B) refers to boardinit3.o(.text) for _platform_post_lib_init
    rtentry2.o(.ARM.Collect$$rtentry$$0000000D) refers to main.o(.text) for main
    rtentry2.o(.ARM.Collect$$rtentry$$0000000D) refers to exit.o(.text) for exit
    rtentry2.o(.ARM.exidx) refers to rtentry2.o(.ARM.Collect$$rtentry$$00000001) for .ARM.Collect$$rtentry$$00000001
    rtentry2.o(.ARM.exidx) refers to rtentry2.o(.ARM.Collect$$rtentry$$00000008) for .ARM.Collect$$rtentry$$00000008
    rtentry2.o(.ARM.exidx) refers to rtentry2.o(.ARM.Collect$$rtentry$$0000000A) for .ARM.Collect$$rtentry$$0000000A
    rtentry2.o(.ARM.exidx) refers to rtentry2.o(.ARM.Collect$$rtentry$$0000000B) for .ARM.Collect$$rtentry$$0000000B
    rtentry2.o(.ARM.exidx) refers to rtentry2.o(.ARM.Collect$$rtentry$$0000000D) for .ARM.Collect$$rtentry$$0000000D
    rtentry4.o(.ARM.Collect$$rtentry$$00000004) refers to sys_stackheap_outer.o(.text) for __user_setup_stackheap
    rtentry4.o(.ARM.exidx) refers to rtentry4.o(.ARM.Collect$$rtentry$$00000004) for .ARM.Collect$$rtentry$$00000004
    sys_stackheap_outer.o(.text) refers to libspace.o(.text) for __user_perproc_libspace
    sys_stackheap_outer.o(.text) refers to startup_lpc17xx.o(.text) for __user_initial_stackheap
    exit.o(.text) refers to rtexit.o(.ARM.Collect$$rtexit$$00000000) for __rt_exit
    libinit.o(.ARM.Collect$$libinit$$00000000) refers (Special) to libinit2.o(.ARM.Collect$$libinit$$0000002C) for __rt_lib_init_alloca_1
    libinit.o(.ARM.Collect$$libinit$$00000000) refers (Special) to libinit2.o(.ARM.Collect$$libinit$$0000002A) for __rt_lib_init_argv_1
    libinit.o(.ARM.Collect$$libinit$$00000000) refers (Special) to libinit2.o(.ARM.Collect$$libinit$$00000019) for __rt_lib_init_atexit_1
    libinit.o(.ARM.Collect$$libinit$$00000000) refers (Special) to libinit2.o(.ARM.Collect$$libinit$$0000001F) for __rt_lib_init_clock_1
    libinit.o(.ARM.Collect$$libinit$$00000000) refers (Special) to libinit2.o(.ARM.Collect$$libinit$$00000030) for __rt_lib_init_cpp_1
    libinit.o(.ARM.Collect$$libinit$$00000000) refers (Special) to libinit2.o(.ARM.Collect$$libinit$$0000002E) for __rt_lib_init_exceptions_1
    libinit.o(.ARM.Collect$$libinit$$00000000) refers (Special) to libinit2.o(.ARM.Collect$$libinit$$00000002) for __rt_lib_init_fp_1
    libinit.o(.ARM.Collect$$libinit$$00000000) refers (Special) to libinit2.o(.ARM.Collect$$libinit$$0000001D) for __rt_lib_init_fp_trap_1
    libinit.o(.ARM.Collect$$libinit$$00000000) refers (Special) to libinit2.o(.ARM.Collect$$libinit$$00000021) for __rt_lib_init_getenv_1
    libinit.o(.ARM.Collect$$libinit$$00000000) refers (Special) to libinit2.o(.ARM.Collect$$libinit$$00000008) for __rt_lib_init_heap_1
    libinit.o(.ARM.Collect$$libinit$$00000000) refers (Special) to libinit2.o(.ARM.Collect$$libinit$$0000000F) for __rt_lib_init_lc_collate_1
    libinit.o(.ARM.Collect$$libinit$$00000000) refers (Special) to libinit2.o(.ARM.Collect$$libinit$$00000011) for __rt_lib_init_lc_ctype_1
    libinit.o(.ARM.Collect$$libinit$$00000000) refers (Special) to libinit2.o(.ARM.Collect$$libinit$$00000013) for __rt_lib_init_lc_monetary_1
    libinit.o(.ARM.Collect$$libinit$$00000000) refers (Special) to libinit2.o(.ARM.Collect$$libinit$$00000015) for __rt_lib_init_lc_numeric_1
    libinit.o(.ARM.Collect$$libinit$$00000000) refers (Special) to libinit2.o(.ARM.Collect$$libinit$$00000017) for __rt_lib_init_lc_time_1
    libinit.o(.ARM.Collect$$libinit$$00000000) refers (Special) to libinit2.o(.ARM.Collect$$libinit$$0000000C) for __rt_lib_init_rand_1
    libinit.o(.ARM.Collect$$libinit$$00000000) refers (Special) to libinit2.o(.ARM.Collect$$libinit$$00000031) for __rt_lib_init_return
    libinit.o(.ARM.Collect$$libinit$$00000000) refers (Special) to libinit2.o(.ARM.Collect$$libinit$$0000001B) for __rt_lib_init_signal_1
    libinit.o(.ARM.Collect$$libinit$$00000000) refers (Special) to libinit2.o(.ARM.Collect$$libinit$$00000023) for __rt_lib_init_stdio_1
    libinit.o(.ARM.Collect$$libinit$$00000000) refers (Special) to libinit2.o(.ARM.Collect$$libinit$$0000000A) for __rt_lib_init_user_alloc_1
    libspace.o(.text) refers to libspace.o(.bss) for __libspace_start
    rtexit.o(.ARM.Collect$$rtexit$$00000000) refers (Special) to rtexit2.o(.ARM.Collect$$rtexit$$00000004) for __rt_exit_exit
    rtexit.o(.ARM.Collect$$rtexit$$00000000) refers (Special) to rtexit2.o(.ARM.Collect$$rtexit$$00000003) for __rt_exit_ls
    rtexit.o(.ARM.Collect$$rtexit$$00000000) refers (Special) to rtexit2.o(.ARM.Collect$$rtexit$$00000002) for __rt_exit_prels_1
    rtexit.o(.ARM.exidx) refers (Special) to rtexit2.o(.ARM.Collect$$rtexit$$00000004) for __rt_exit_exit
    rtexit.o(.ARM.exidx) refers (Special) to rtexit2.o(.ARM.Collect$$rtexit$$00000003) for __rt_exit_ls
    rtexit.o(.ARM.exidx) refers (Special) to rtexit2.o(.ARM.Collect$$rtexit$$00000002) for __rt_exit_prels_1
    rtexit.o(.ARM.exidx) refers to rtexit.o(.ARM.Collect$$rtexit$$00000000) for .ARM.Collect$$rtexit$$00000000
    libinit2.o(.ARM.Collect$$libinit$$0000000E) refers to libinit2.o(.ARM.Collect$$libinit$$0000000D) for .ARM.Collect$$libinit$$0000000D
    libinit2.o(.ARM.Collect$$libinit$$00000010) refers to libinit2.o(.ARM.Collect$$libinit$$0000000D) for .ARM.Collect$$libinit$$0000000D
    libinit2.o(.ARM.Collect$$libinit$$00000012) refers to libinit2.o(.ARM.Collect$$libinit$$0000000D) for .ARM.Collect$$libinit$$0000000D
    libinit2.o(.ARM.Collect$$libinit$$00000014) refers to libinit2.o(.ARM.Collect$$libinit$$0000000D) for .ARM.Collect$$libinit$$0000000D
    libinit2.o(.ARM.Collect$$libinit$$00000016) refers to libinit2.o(.ARM.Collect$$libinit$$0000000D) for .ARM.Collect$$libinit$$0000000D
    libinit2.o(.ARM.Collect$$libinit$$00000024) refers to argv_veneer.o(.emb_text) for __ARM_argv_veneer
    libinit2.o(.ARM.Collect$$libinit$$00000025) refers to argv_veneer.o(.emb_text) for __ARM_argv_veneer
    rtexit2.o(.ARM.Collect$$rtexit$$00000003) refers to libshutdown.o(.ARM.Collect$$libshutdown$$00000000) for __rt_lib_shutdown
    rtexit2.o(.ARM.Collect$$rtexit$$00000004) refers to sys_exit.o(.text) for _sys_exit
    rtexit2.o(.ARM.exidx) refers to rtexit2.o(.ARM.Collect$$rtexit$$00000001) for .ARM.Collect$$rtexit$$00000001
    rtexit2.o(.ARM.exidx) refers to rtexit2.o(.ARM.Collect$$rtexit$$00000003) for .ARM.Collect$$rtexit$$00000003
    rtexit2.o(.ARM.exidx) refers to rtexit2.o(.ARM.Collect$$rtexit$$00000004) for .ARM.Collect$$rtexit$$00000004
    argv_veneer.o(.emb_text) refers to no_argv.o(.text) for __ARM_get_argv
    sys_exit.o(.text) refers (Special) to use_no_semi.o(.text) for __I$use$semihosting
    sys_exit.o(.text) refers (Special) to indicate_semi.o(.text) for __semihosting_library_function
    _get_argv_nomalloc.o(.text) refers (Special) to hrguard.o(.text) for __heap_region$guard
    _get_argv_nomalloc.o(.text) refers to defsig_rtmem_outer.o(.text) for __rt_SIGRTMEM
    _get_argv_nomalloc.o(.text) refers to sys_command.o(.text) for _sys_command_string
    libshutdown.o(.ARM.Collect$$libshutdown$$00000000) refers (Special) to libshutdown2.o(.ARM.Collect$$libshutdown$$00000006) for __rt_lib_shutdown_fp_trap_1
    libshutdown.o(.ARM.Collect$$libshutdown$$00000000) refers (Special) to libshutdown2.o(.ARM.Collect$$libshutdown$$0000000E) for __rt_lib_shutdown_heap_1
    libshutdown.o(.ARM.Collect$$libshutdown$$00000000) refers (Special) to libshutdown2.o(.ARM.Collect$$libshutdown$$0000000F) for __rt_lib_shutdown_return
    libshutdown.o(.ARM.Collect$$libshutdown$$00000000) refers (Special) to libshutdown2.o(.ARM.Collect$$libshutdown$$00000009) for __rt_lib_shutdown_signal_1
    libshutdown.o(.ARM.Collect$$libshutdown$$00000000) refers (Special) to libshutdown2.o(.ARM.Collect$$libshutdown$$00000003) for __rt_lib_shutdown_stdio_1
    libshutdown.o(.ARM.Collect$$libshutdown$$00000000) refers (Special) to libshutdown2.o(.ARM.Collect$$libshutdown$$0000000B) for __rt_lib_shutdown_user_alloc_1
    sys_command.o(.text) refers (Special) to use_no_semi.o(.text) for __I$use$semihosting
    sys_command.o(.text) refers (Special) to indicate_semi.o(.text) for __semihosting_library_function
    defsig_rtmem_outer.o(.text) refers to defsig_rtmem_inner.o(.text) for __rt_SIGRTMEM_inner
    defsig_rtmem_outer.o(.text) refers to defsig_exit.o(.text) for __sig_exit
    defsig_rtmem_formal.o(.text) refers to rt_raise.o(.text) for __rt_raise
    rt_raise.o(.text) refers to __raise.o(.text) for __raise
    rt_raise.o(.text) refers to sys_exit.o(.text) for _sys_exit
    defsig_exit.o(.text) refers to sys_exit.o(.text) for _sys_exit
    defsig_rtmem_inner.o(.text) refers to defsig_general.o(.text) for __default_signal_display
    __raise.o(.text) refers to defsig.o(CL$$defsig) for __default_signal_handler
    defsig_general.o(.text) refers to sys_wrch.o(.text) for _ttywrch
    sys_wrch.o(.text) refers (Special) to use_no_semi.o(.text) for __I$use$semihosting
    sys_wrch.o(.text) refers (Special) to indicate_semi.o(.text) for __semihosting_library_function
    defsig.o(CL$$defsig) refers to defsig_rtmem_inner.o(.text) for __rt_SIGRTMEM_inner
    defsig_abrt_inner.o(.text) refers to defsig_general.o(.text) for __default_signal_display
    defsig_fpe_inner.o(.text) refers to defsig_general.o(.text) for __default_signal_display
    defsig_rtred_inner.o(.text) refers to defsig_general.o(.text) for __default_signal_display
    defsig_stak_inner.o(.text) refers to defsig_general.o(.text) for __default_signal_display
    defsig_pvfn_inner.o(.text) refers to defsig_general.o(.text) for __default_signal_display
    defsig_cppl_inner.o(.text) refers to defsig_general.o(.text) for __default_signal_display
    defsig_segv_inner.o(.text) refers to defsig_general.o(.text) for __default_signal_display
    defsig_other.o(.text) refers to defsig_general.o(.text) for __default_signal_display
    timer.o(i.IsOverTime) refers to timer.o(.data) for g_MsTicks
    timer.o(i.DelayMs) refers to timer.o(.data) for g_MsTicks


==============================================================================

Removing Unused input sections from the image.

    Removing core_cm3.o(.emb_text), (32 bytes).
    Removing main.o(.rev16_text), (4 bytes).
    Removing main.o(.revsh_text), (4 bytes).
    Removing devicenet.o(.rev16_text), (4 bytes).
    Removing devicenet.o(.revsh_text), (4 bytes).
    Removing can.o(.rev16_text), (4 bytes).
    Removing can.o(.revsh_text), (4 bytes).
    Removing deviceio.o(.rev16_text), (4 bytes).
    Removing deviceio.o(.revsh_text), (4 bytes).
    Removing rtc.o(.rev16_text), (4 bytes).
    Removing rtc.o(.revsh_text), (4 bytes).
    Removing timer.o(.rev16_text), (4 bytes).
    Removing timer.o(.revsh_text), (4 bytes).
    Removing rs485.o(.rev16_text), (4 bytes).
    Removing rs485.o(.revsh_text), (4 bytes).
    Removing rtuframe.o(.rev16_text), (4 bytes).
    Removing rtuframe.o(.revsh_text), (4 bytes).
    Removing action.o(.rev16_text), (4 bytes).
    Removing action.o(.revsh_text), (4 bytes).
    Removing timer.o(i.DelayMs), (24 bytes).

20 unused section(s) (total 128 bytes) removed from the image.

==============================================================================

Image Symbol Table

    Local Symbols

    Symbol Name                              Value     Ov Type        Size  Object(Section)

    RESET                                    0x00000000   Section      196  startup_lpc17xx.o(RESET)
    ../clib/angel/boardlib.s                 0x00000000   Number         0  boardinit1.o ABSOLUTE
    ../clib/angel/boardlib.s                 0x00000000   Number         0  boardshut.o ABSOLUTE
    ../clib/angel/boardlib.s                 0x00000000   Number         0  boardinit2.o ABSOLUTE
    ../clib/angel/boardlib.s                 0x00000000   Number         0  boardinit3.o ABSOLUTE
    ../clib/angel/handlers.s                 0x00000000   Number         0  __scatter_zi.o ABSOLUTE
    ../clib/angel/handlers.s                 0x00000000   Number         0  __scatter_copy.o ABSOLUTE
    ../clib/angel/kernel.s                   0x00000000   Number         0  rtexit.o ABSOLUTE
    ../clib/angel/kernel.s                   0x00000000   Number         0  rtexit2.o ABSOLUTE
    ../clib/angel/kernel.s                   0x00000000   Number         0  rtentry4.o ABSOLUTE
    ../clib/angel/kernel.s                   0x00000000   Number         0  rtentry2.o ABSOLUTE
    ../clib/angel/kernel.s                   0x00000000   Number         0  rtentry.o ABSOLUTE
    ../clib/angel/rt.s                       0x00000000   Number         0  rt_raise.o ABSOLUTE
    ../clib/angel/scatter.s                  0x00000000   Number         0  __scatter.o ABSOLUTE
    ../clib/angel/startup.s                  0x00000000   Number         0  __main.o ABSOLUTE
    ../clib/angel/sys.s                      0x00000000   Number         0  use_no_semi.o ABSOLUTE
    ../clib/angel/sys.s                      0x00000000   Number         0  indicate_semi.o ABSOLUTE
    ../clib/angel/sys.s                      0x00000000   Number         0  sys_stackheap_outer.o ABSOLUTE
    ../clib/angel/sys.s                      0x00000000   Number         0  libspace.o ABSOLUTE
    ../clib/angel/sysapp.c                   0x00000000   Number         0  sys_exit.o ABSOLUTE
    ../clib/angel/sysapp.c                   0x00000000   Number         0  sys_command.o ABSOLUTE
    ../clib/angel/sysapp.c                   0x00000000   Number         0  sys_wrch.o ABSOLUTE
    ../clib/armsys.c                         0x00000000   Number         0  argv_veneer.o ABSOLUTE
    ../clib/armsys.c                         0x00000000   Number         0  argv_veneer.o ABSOLUTE
    ../clib/armsys.c                         0x00000000   Number         0  _get_argv_nomalloc.o ABSOLUTE
    ../clib/armsys.c                         0x00000000   Number         0  no_argv.o ABSOLUTE
    ../clib/heapalloc.c                      0x00000000   Number         0  hrguard.o ABSOLUTE
    ../clib/heapaux.c                        0x00000000   Number         0  heapauxi.o ABSOLUTE
    ../clib/libinit.s                        0x00000000   Number         0  libinit.o ABSOLUTE
    ../clib/libinit.s                        0x00000000   Number         0  libshutdown2.o ABSOLUTE
    ../clib/libinit.s                        0x00000000   Number         0  libshutdown.o ABSOLUTE
    ../clib/libinit.s                        0x00000000   Number         0  libinit2.o ABSOLUTE
    ../clib/memcpset.s                       0x00000000   Number         0  rt_memcpy_v6.o ABSOLUTE
    ../clib/memcpset.s                       0x00000000   Number         0  rt_memcpy_w.o ABSOLUTE
    ../clib/signal.c                         0x00000000   Number         0  defsig_fpe_inner.o ABSOLUTE
    ../clib/signal.c                         0x00000000   Number         0  defsig_rtmem_formal.o ABSOLUTE
    ../clib/signal.c                         0x00000000   Number         0  defsig_other.o ABSOLUTE
    ../clib/signal.c                         0x00000000   Number         0  defsig_general.o ABSOLUTE
    ../clib/signal.c                         0x00000000   Number         0  __raise.o ABSOLUTE
    ../clib/signal.c                         0x00000000   Number         0  defsig_rtmem_inner.o ABSOLUTE
    ../clib/signal.c                         0x00000000   Number         0  defsig_exit.o ABSOLUTE
    ../clib/signal.c                         0x00000000   Number         0  defsig_segv_inner.o ABSOLUTE
    ../clib/signal.c                         0x00000000   Number         0  defsig_cppl_inner.o ABSOLUTE
    ../clib/signal.c                         0x00000000   Number         0  defsig_abrt_inner.o ABSOLUTE
    ../clib/signal.c                         0x00000000   Number         0  defsig_rtmem_outer.o ABSOLUTE
    ../clib/signal.c                         0x00000000   Number         0  defsig_rtred_inner.o ABSOLUTE
    ../clib/signal.c                         0x00000000   Number         0  defsig_stak_inner.o ABSOLUTE
    ../clib/signal.c                         0x00000000   Number         0  defsig_pvfn_inner.o ABSOLUTE
    ../clib/signal.s                         0x00000000   Number         0  defsig.o ABSOLUTE
    ../clib/stdlib.c                         0x00000000   Number         0  exit.o ABSOLUTE
    ../fplib/d2f.s                           0x00000000   Number         0  d2f.o ABSOLUTE
    ../fplib/dmul.s                          0x00000000   Number         0  dmul.o ABSOLUTE
    ../fplib/dnaninf.s                       0x00000000   Number         0  dnaninf.o ABSOLUTE
    ../fplib/dretinf.s                       0x00000000   Number         0  dretinf.o ABSOLUTE
    ../fplib/f2d.s                           0x00000000   Number         0  f2d.o ABSOLUTE
    ../fplib/ffixu.s                         0x00000000   Number         0  ffixu.o ABSOLUTE
    ../fplib/fflt.s                          0x00000000   Number         0  fflt_clz.o ABSOLUTE
    ../fplib/fmul.s                          0x00000000   Number         0  fmul.o ABSOLUTE
    ../fplib/fnaninf.s                       0x00000000   Number         0  fnaninf.o ABSOLUTE
    ../fplib/fpinit.s                        0x00000000   Number         0  fpinit.o ABSOLUTE
    ../fplib/fretinf.s                       0x00000000   Number         0  fretinf.o ABSOLUTE
    ../fplib/usenofp.s                       0x00000000   Number         0  usenofp.o ABSOLUTE
    Action.c                                 0x00000000   Number         0  action.o ABSOLUTE
    Action.c                                 0x00000000   Number         0  action.o ABSOLUTE
    dc.s                                     0x00000000   Number         0  dc.o ABSOLUTE
    source\App\main.c                        0x00000000   Number         0  main.o ABSOLUTE
    source\CMSIS\core_cm3.c                  0x00000000   Number         0  core_cm3.o ABSOLUTE
    source\CMSIS\startup\arm\startup_LPC17xx.s 0x00000000   Number         0  startup_lpc17xx.o ABSOLUTE
    source\CMSIS\system_LPC17xx.c            0x00000000   Number         0  system_lpc17xx.o ABSOLUTE
    source\DeviceNet\Buffer.c                0x00000000   Number         0  buffer.o ABSOLUTE
    source\DeviceNet\CRC16.c                 0x00000000   Number         0  crc16.o ABSOLUTE
    source\DeviceNet\DeviceNet.c             0x00000000   Number         0  devicenet.o ABSOLUTE
    source\DeviceNet\NetApp.c                0x00000000   Number         0  netapp.o ABSOLUTE
    source\DeviceNet\RtuFrame.c              0x00000000   Number         0  rtuframe.o ABSOLUTE
    source\Module\CAN.c                      0x00000000   Number         0  can.o ABSOLUTE
    source\Module\DeviceIO.c                 0x00000000   Number         0  deviceio.o ABSOLUTE
    source\Module\RS485.c                    0x00000000   Number         0  rs485.o ABSOLUTE
    source\Module\rtc.c                      0x00000000   Number         0  rtc.o ABSOLUTE
    source\Module\timer.c                    0x00000000   Number         0  timer.o ABSOLUTE
    source\\App\\main.c                      0x00000000   Number         0  main.o ABSOLUTE
    source\\CMSIS\\core_cm3.c                0x00000000   Number         0  core_cm3.o ABSOLUTE
    source\\DeviceNet\\DeviceNet.c           0x00000000   Number         0  devicenet.o ABSOLUTE
    source\\DeviceNet\\RtuFrame.c            0x00000000   Number         0  rtuframe.o ABSOLUTE
    source\\Module\\CAN.c                    0x00000000   Number         0  can.o ABSOLUTE
    source\\Module\\DeviceIO.c               0x00000000   Number         0  deviceio.o ABSOLUTE
    source\\Module\\RS485.c                  0x00000000   Number         0  rs485.o ABSOLUTE
    source\\Module\\rtc.c                    0x00000000   Number         0  rtc.o ABSOLUTE
    source\\Module\\timer.c                  0x00000000   Number         0  timer.o ABSOLUTE
    !!!main                                  0x000000c4   Section        8  __main.o(!!!main)
    !!!scatter                               0x000000cc   Section       52  __scatter.o(!!!scatter)
    !!handler_copy                           0x00000100   Section       26  __scatter_copy.o(!!handler_copy)
    !!handler_zi                             0x0000011c   Section       28  __scatter_zi.o(!!handler_zi)
    .ARM.Collect$$libinit$$00000000          0x00000138   Section        2  libinit.o(.ARM.Collect$$libinit$$00000000)
    .ARM.Collect$$libinit$$00000002          0x0000013a   Section        0  libinit2.o(.ARM.Collect$$libinit$$00000002)
    .ARM.Collect$$libinit$$00000008          0x0000013a   Section        0  libinit2.o(.ARM.Collect$$libinit$$00000008)
    .ARM.Collect$$libinit$$0000000A          0x0000013a   Section        0  libinit2.o(.ARM.Collect$$libinit$$0000000A)
    .ARM.Collect$$libinit$$0000000C          0x0000013a   Section        0  libinit2.o(.ARM.Collect$$libinit$$0000000C)
    .ARM.Collect$$libinit$$0000000F          0x0000013a   Section        0  libinit2.o(.ARM.Collect$$libinit$$0000000F)
    .ARM.Collect$$libinit$$00000011          0x0000013a   Section        0  libinit2.o(.ARM.Collect$$libinit$$00000011)
    .ARM.Collect$$libinit$$00000013          0x0000013a   Section        0  libinit2.o(.ARM.Collect$$libinit$$00000013)
    .ARM.Collect$$libinit$$00000015          0x0000013a   Section        0  libinit2.o(.ARM.Collect$$libinit$$00000015)
    .ARM.Collect$$libinit$$00000017          0x0000013a   Section        0  libinit2.o(.ARM.Collect$$libinit$$00000017)
    .ARM.Collect$$libinit$$00000019          0x0000013a   Section        0  libinit2.o(.ARM.Collect$$libinit$$00000019)
    .ARM.Collect$$libinit$$0000001B          0x0000013a   Section        0  libinit2.o(.ARM.Collect$$libinit$$0000001B)
    .ARM.Collect$$libinit$$0000001D          0x0000013a   Section        0  libinit2.o(.ARM.Collect$$libinit$$0000001D)
    .ARM.Collect$$libinit$$0000001F          0x0000013a   Section        0  libinit2.o(.ARM.Collect$$libinit$$0000001F)
    .ARM.Collect$$libinit$$00000021          0x0000013a   Section        0  libinit2.o(.ARM.Collect$$libinit$$00000021)
    .ARM.Collect$$libinit$$00000023          0x0000013a   Section        0  libinit2.o(.ARM.Collect$$libinit$$00000023)
    .ARM.Collect$$libinit$$0000002A          0x0000013a   Section        0  libinit2.o(.ARM.Collect$$libinit$$0000002A)
    .ARM.Collect$$libinit$$0000002C          0x0000013a   Section        0  libinit2.o(.ARM.Collect$$libinit$$0000002C)
    .ARM.Collect$$libinit$$0000002E          0x0000013a   Section        0  libinit2.o(.ARM.Collect$$libinit$$0000002E)
    .ARM.Collect$$libinit$$00000030          0x0000013a   Section        0  libinit2.o(.ARM.Collect$$libinit$$00000030)
    .ARM.Collect$$libinit$$00000031          0x0000013a   Section        2  libinit2.o(.ARM.Collect$$libinit$$00000031)
    .ARM.Collect$$libshutdown$$00000000      0x0000013c   Section        2  libshutdown.o(.ARM.Collect$$libshutdown$$00000000)
    .ARM.Collect$$libshutdown$$00000003      0x0000013e   Section        0  libshutdown2.o(.ARM.Collect$$libshutdown$$00000003)
    .ARM.Collect$$libshutdown$$00000006      0x0000013e   Section        0  libshutdown2.o(.ARM.Collect$$libshutdown$$00000006)
    .ARM.Collect$$libshutdown$$00000009      0x0000013e   Section        0  libshutdown2.o(.ARM.Collect$$libshutdown$$00000009)
    .ARM.Collect$$libshutdown$$0000000B      0x0000013e   Section        0  libshutdown2.o(.ARM.Collect$$libshutdown$$0000000B)
    .ARM.Collect$$libshutdown$$0000000E      0x0000013e   Section        0  libshutdown2.o(.ARM.Collect$$libshutdown$$0000000E)
    .ARM.Collect$$libshutdown$$0000000F      0x0000013e   Section        2  libshutdown2.o(.ARM.Collect$$libshutdown$$0000000F)
    .ARM.Collect$$rtentry$$00000000          0x00000140   Section        0  rtentry.o(.ARM.Collect$$rtentry$$00000000)
    .ARM.Collect$$rtentry$$00000002          0x00000140   Section        0  rtentry2.o(.ARM.Collect$$rtentry$$00000002)
    .ARM.Collect$$rtentry$$00000004          0x00000140   Section        6  rtentry4.o(.ARM.Collect$$rtentry$$00000004)
    .ARM.Collect$$rtentry$$00000009          0x00000146   Section        0  rtentry2.o(.ARM.Collect$$rtentry$$00000009)
    .ARM.Collect$$rtentry$$0000000A          0x00000146   Section        4  rtentry2.o(.ARM.Collect$$rtentry$$0000000A)
    .ARM.Collect$$rtentry$$0000000C          0x0000014a   Section        0  rtentry2.o(.ARM.Collect$$rtentry$$0000000C)
    .ARM.Collect$$rtentry$$0000000D          0x0000014a   Section        8  rtentry2.o(.ARM.Collect$$rtentry$$0000000D)
    .ARM.Collect$$rtexit$$00000000           0x00000152   Section        2  rtexit.o(.ARM.Collect$$rtexit$$00000000)
    .ARM.Collect$$rtexit$$00000002           0x00000154   Section        0  rtexit2.o(.ARM.Collect$$rtexit$$00000002)
    .ARM.Collect$$rtexit$$00000003           0x00000154   Section        4  rtexit2.o(.ARM.Collect$$rtexit$$00000003)
    .ARM.Collect$$rtexit$$00000004           0x00000158   Section        6  rtexit2.o(.ARM.Collect$$rtexit$$00000004)
    .text                                    0x00000160   Section       60  startup_lpc17xx.o(.text)
    .text                                    0x0000019c   Section        0  main.o(.text)
    .text                                    0x000002b0   Section        0  crc16.o(.text)
    .text                                    0x000002e8   Section        0  heapauxi.o(.text)
    .text                                    0x000002ee   Section        0  exit.o(.text)
    .text                                    0x000002fa   Section        2  use_no_semi.o(.text)
    .ARM.__at_0x02FC                         0x000002fc   Section        4  startup_lpc17xx.o(.ARM.__at_0x02FC)
    .text                                    0x00000300   Section        0  system_lpc17xx.o(.text)
    .text                                    0x00000574   Section        0  devicenet.o(.text)
    InitSlaveStationData                     0x00000575   Thumb Code   356  devicenet.o(.text)
    InitMasterStationData                    0x000006d9   Thumb Code   148  devicenet.o(.text)
    MakeUnconnectVisibleRequestMessageOnlyGroup2 0x00000943   Thumb Code   218  devicenet.o(.text)
    EstablishConnection                      0x00000a1d   Thumb Code    46  devicenet.o(.text)
    NormalTask                               0x00000a4b   Thumb Code   196  devicenet.o(.text)
    SlaveStationVisibleMsgService            0x00000b8d   Thumb Code   286  devicenet.o(.text)
    SlaveStationStatusCycleService           0x00000d2d   Thumb Code    52  devicenet.o(.text)
    .text                                    0x00000e5c   Section        0  buffer.o(.text)
    .text                                    0x00000ef8   Section        0  netapp.o(.text)
    EnableNormalCycle                        0x00000f07   Thumb Code    26  netapp.o(.text)
    .text                                    0x000012a0   Section        0  can.o(.text)
    CAN_cfgBaudrate                          0x000012a1   Thumb Code    82  can.o(.text)
    NVIC_EnableIRQ                           0x000017bf   Thumb Code    22  can.o(.text)
    .text                                    0x000017f4   Section        0  deviceio.o(.text)
    .text                                    0x000018a8   Section        0  rtc.o(.text)
    .text                                    0x00001a04   Section        0  timer.o(.text)
    NVIC_EnableIRQ                           0x00001b2b   Thumb Code    22  timer.o(.text)
    .text                                    0x00001b50   Section        0  rs485.o(.text)
    .text                                    0x00001ca0   Section        0  rtuframe.o(.text)
    .text                                    0x00001f30   Section        0  action.o(.text)
    MasterStationServer                      0x00002021   Thumb Code   490  action.o(.text)
    FrameServer                              0x0000220b   Thumb Code   138  action.o(.text)
    .text                                    0x00002318   Section      138  rt_memcpy_v6.o(.text)
    .text                                    0x000023a2   Section      100  rt_memcpy_w.o(.text)
    .text                                    0x00002406   Section       74  sys_stackheap_outer.o(.text)
    .text                                    0x00002450   Section        8  libspace.o(.text)
    .text                                    0x00002458   Section        0  sys_exit.o(.text)
    .text                                    0x00002464   Section        0  indicate_semi.o(.text)
    i.IsOverTime                             0x00002464   Section        0  timer.o(i.IsOverTime)
    x$fpl$d2f                                0x0000249c   Section       98  d2f.o(x$fpl$d2f)
    x$fpl$dmul                               0x00002500   Section      340  dmul.o(x$fpl$dmul)
    x$fpl$dnaninf                            0x00002654   Section      156  dnaninf.o(x$fpl$dnaninf)
    x$fpl$dretinf                            0x000026f0   Section       12  dretinf.o(x$fpl$dretinf)
    x$fpl$f2d                                0x000026fc   Section       86  f2d.o(x$fpl$f2d)
    x$fpl$ffixu                              0x00002754   Section       62  ffixu.o(x$fpl$ffixu)
    x$fpl$ffltu                              0x00002794   Section       38  fflt_clz.o(x$fpl$ffltu)
    x$fpl$fmul                               0x000027bc   Section      258  fmul.o(x$fpl$fmul)
    x$fpl$fnaninf                            0x000028be   Section      140  fnaninf.o(x$fpl$fnaninf)
    x$fpl$fretinf                            0x0000294a   Section       10  fretinf.o(x$fpl$fretinf)
    .constdata                               0x00002954   Section       68  can.o(.constdata)
    x$fpl$usenofp                            0x00002954   Section        0  usenofp.o(x$fpl$usenofp)
    .constdata                               0x00002998   Section      512  crc16.o(.constdata)
    .conststring                             0x00002b98   Section        7  devicenet.o(.conststring)
    .data                                    0x10000000   Section        4  system_lpc17xx.o(.data)
    .data                                    0x10000004   Section       48  devicenet.o(.data)
    .data                                    0x10000034   Section        9  buffer.o(.data)
    .data                                    0x1000003e   Section        2  netapp.o(.data)
    .data                                    0x10000040   Section       24  can.o(.data)
    CAN_std_cnt                              0x10000050   Data           4  can.o(.data)
    CAN_ext_cnt                              0x10000054   Data           4  can.o(.data)
    .data                                    0x10000058   Section        4  rtc.o(.data)
    .data                                    0x1000005c   Section       12  timer.o(.data)
    .data                                    0x10000068   Section        4  rs485.o(.data)
    .data                                    0x1000006c   Section        8  rtuframe.o(.data)
    .data                                    0x10000074   Section       24  action.o(.data)
    testA                                    0x10000074   Data           4  action.o(.data)
    testB                                    0x10000078   Data           2  action.o(.data)
    CommandArray                             0x1000007a   Data           8  action.o(.data)
    SendCommand                              0x10000084   Data           8  action.o(.data)
    .bss                                     0x1000008c   Section       40  main.o(.bss)
    .bss                                     0x100000b4   Section      700  devicenet.o(.bss)
    ReceiveDataBuffer0                       0x100001a8   Data          10  devicenet.o(.bss)
    SendDataBuffer0                          0x100001b2   Data          10  devicenet.o(.bss)
    ReceiveDataBuffer1                       0x100001bc   Data          10  devicenet.o(.bss)
    SendDataBuffer1                          0x100001c6   Data          10  devicenet.o(.bss)
    ReceiveDataBuffer2                       0x100001d0   Data          10  devicenet.o(.bss)
    SendDataBuffer2                          0x100001da   Data          10  devicenet.o(.bss)
    ReceiveDataBuffer3                       0x100001e4   Data          10  devicenet.o(.bss)
    SendDataBuffer3                          0x100001ee   Data          10  devicenet.o(.bss)
    ReceiveDataBuffer4                       0x100001f8   Data          10  devicenet.o(.bss)
    SendDataBuffer4                          0x10000202   Data          10  devicenet.o(.bss)
    ReceiveDataBuffer5                       0x1000020c   Data          10  devicenet.o(.bss)
    SendDataBuffer5                          0x10000216   Data          10  devicenet.o(.bss)
    .bss                                     0x10000370   Section      512  buffer.o(.bss)
    .bss                                     0x10000570   Section       12  netapp.o(.bss)
    SynchronousState                         0x10000570   Data          12  netapp.o(.bss)
    .bss                                     0x1000057c   Section       64  can.o(.bss)
    .bss                                     0x100005bc   Section      128  rs485.o(.bss)
    .bss                                     0x1000063c   Section      208  rtuframe.o(.bss)
    .bss                                     0x1000070c   Section       64  action.o(.bss)
    .bss                                     0x1000074c   Section       96  libspace.o(.bss)
    HEAP                                     0x100007b0   Section        0  startup_lpc17xx.o(HEAP)
    STACK                                    0x100007b0   Section      512  startup_lpc17xx.o(STACK)
    Heap_Mem                                 0x100007b0   Data           0  startup_lpc17xx.o(HEAP)
    Stack_Mem                                0x100007b0   Data         512  startup_lpc17xx.o(STACK)
    __initial_sp                             0x100009b0   Data           0  startup_lpc17xx.o(STACK)

    Global Symbols

    Symbol Name                              Value     Ov Type        Size  Object(Section)

    BuildAttributes$$THM_ISAv4$P$D$K$B$S$PE$A:L22UL41UL21$X:L11$S22US41US21$IEEE1$IW$USESV6$~STKCKD$USESV7$~SHL$OSPACE$ROPI$EBA8$UX$STANDARDLIB$REQ8$PRES8$EABIv2 0x00000000   Number         0  anon$$obj.o ABSOLUTE
    __ARM_use_no_argv                        0x00000000   Number         0  main.o ABSOLUTE
    __Vectors                                0x00000000   Data           4  startup_lpc17xx.o(RESET)
    __ARM_exceptions_init                     - Undefined Weak Reference
    __alloca_initialize                       - Undefined Weak Reference
    __cpp_initialize__aeabi_                  - Undefined Weak Reference
    __cxa_finalize                            - Undefined Weak Reference
    __rt_locale                               - Undefined Weak Reference
    __sigvec_lookup                           - Undefined Weak Reference
    _atexit_init                              - Undefined Weak Reference
    _call_atexit_fns                          - Undefined Weak Reference
    _clock_init                               - Undefined Weak Reference
    _fp_trap_init                             - Undefined Weak Reference
    _fp_trap_shutdown                         - Undefined Weak Reference
    _get_lc_collate                           - Undefined Weak Reference
    _get_lc_ctype                             - Undefined Weak Reference
    _get_lc_monetary                          - Undefined Weak Reference
    _get_lc_numeric                           - Undefined Weak Reference
    _get_lc_time                              - Undefined Weak Reference
    _getenv_init                              - Undefined Weak Reference
    _handle_redirection                       - Undefined Weak Reference
    _init_alloc                               - Undefined Weak Reference
    _init_user_alloc                          - Undefined Weak Reference
    _initio                                   - Undefined Weak Reference
    _rand_init                                - Undefined Weak Reference
    _signal_finish                            - Undefined Weak Reference
    _signal_init                              - Undefined Weak Reference
    _terminate_alloc                          - Undefined Weak Reference
    _terminate_user_alloc                     - Undefined Weak Reference
    _terminateio                              - Undefined Weak Reference
    __main                                   0x000000c5   Thumb Code     8  __main.o(!!!main)
    __scatterload                            0x000000cd   Thumb Code     0  __scatter.o(!!!scatter)
    __scatterload_rt2                        0x000000cd   Thumb Code    44  __scatter.o(!!!scatter)
    __scatterload_rt2_thumb_only             0x000000cd   Thumb Code     0  __scatter.o(!!!scatter)
    __scatterload_null                       0x000000db   Thumb Code     0  __scatter.o(!!!scatter)
    __scatterload_copy                       0x00000101   Thumb Code    26  __scatter_copy.o(!!handler_copy)
    __scatterload_zeroinit                   0x0000011d   Thumb Code    28  __scatter_zi.o(!!handler_zi)
    __rt_lib_init                            0x00000139   Thumb Code     0  libinit.o(.ARM.Collect$$libinit$$00000000)
    __rt_lib_init_alloca_1                   0x0000013b   Thumb Code     0  libinit2.o(.ARM.Collect$$libinit$$0000002C)
    __rt_lib_init_argv_1                     0x0000013b   Thumb Code     0  libinit2.o(.ARM.Collect$$libinit$$0000002A)
    __rt_lib_init_atexit_1                   0x0000013b   Thumb Code     0  libinit2.o(.ARM.Collect$$libinit$$00000019)
    __rt_lib_init_clock_1                    0x0000013b   Thumb Code     0  libinit2.o(.ARM.Collect$$libinit$$0000001F)
    __rt_lib_init_cpp_1                      0x0000013b   Thumb Code     0  libinit2.o(.ARM.Collect$$libinit$$00000030)
    __rt_lib_init_exceptions_1               0x0000013b   Thumb Code     0  libinit2.o(.ARM.Collect$$libinit$$0000002E)
    __rt_lib_init_fp_1                       0x0000013b   Thumb Code     0  libinit2.o(.ARM.Collect$$libinit$$00000002)
    __rt_lib_init_fp_trap_1                  0x0000013b   Thumb Code     0  libinit2.o(.ARM.Collect$$libinit$$0000001D)
    __rt_lib_init_getenv_1                   0x0000013b   Thumb Code     0  libinit2.o(.ARM.Collect$$libinit$$00000021)
    __rt_lib_init_heap_1                     0x0000013b   Thumb Code     0  libinit2.o(.ARM.Collect$$libinit$$00000008)
    __rt_lib_init_lc_collate_1               0x0000013b   Thumb Code     0  libinit2.o(.ARM.Collect$$libinit$$0000000F)
    __rt_lib_init_lc_ctype_1                 0x0000013b   Thumb Code     0  libinit2.o(.ARM.Collect$$libinit$$00000011)
    __rt_lib_init_lc_monetary_1              0x0000013b   Thumb Code     0  libinit2.o(.ARM.Collect$$libinit$$00000013)
    __rt_lib_init_lc_numeric_1               0x0000013b   Thumb Code     0  libinit2.o(.ARM.Collect$$libinit$$00000015)
    __rt_lib_init_lc_time_1                  0x0000013b   Thumb Code     0  libinit2.o(.ARM.Collect$$libinit$$00000017)
    __rt_lib_init_rand_1                     0x0000013b   Thumb Code     0  libinit2.o(.ARM.Collect$$libinit$$0000000C)
    __rt_lib_init_return                     0x0000013b   Thumb Code     0  libinit2.o(.ARM.Collect$$libinit$$00000031)
    __rt_lib_init_signal_1                   0x0000013b   Thumb Code     0  libinit2.o(.ARM.Collect$$libinit$$0000001B)
    __rt_lib_init_stdio_1                    0x0000013b   Thumb Code     0  libinit2.o(.ARM.Collect$$libinit$$00000023)
    __rt_lib_init_user_alloc_1               0x0000013b   Thumb Code     0  libinit2.o(.ARM.Collect$$libinit$$0000000A)
    __rt_lib_shutdown                        0x0000013d   Thumb Code     0  libshutdown.o(.ARM.Collect$$libshutdown$$00000000)
    __rt_lib_shutdown_fp_trap_1              0x0000013f   Thumb Code     0  libshutdown2.o(.ARM.Collect$$libshutdown$$00000006)
    __rt_lib_shutdown_heap_1                 0x0000013f   Thumb Code     0  libshutdown2.o(.ARM.Collect$$libshutdown$$0000000E)
    __rt_lib_shutdown_return                 0x0000013f   Thumb Code     0  libshutdown2.o(.ARM.Collect$$libshutdown$$0000000F)
    __rt_lib_shutdown_signal_1               0x0000013f   Thumb Code     0  libshutdown2.o(.ARM.Collect$$libshutdown$$00000009)
    __rt_lib_shutdown_stdio_1                0x0000013f   Thumb Code     0  libshutdown2.o(.ARM.Collect$$libshutdown$$00000003)
    __rt_lib_shutdown_user_alloc_1           0x0000013f   Thumb Code     0  libshutdown2.o(.ARM.Collect$$libshutdown$$0000000B)
    __rt_entry                               0x00000141   Thumb Code     0  rtentry.o(.ARM.Collect$$rtentry$$00000000)
    __rt_entry_presh_1                       0x00000141   Thumb Code     0  rtentry2.o(.ARM.Collect$$rtentry$$00000002)
    __rt_entry_sh                            0x00000141   Thumb Code     0  rtentry4.o(.ARM.Collect$$rtentry$$00000004)
    __rt_entry_li                            0x00000147   Thumb Code     0  rtentry2.o(.ARM.Collect$$rtentry$$0000000A)
    __rt_entry_postsh_1                      0x00000147   Thumb Code     0  rtentry2.o(.ARM.Collect$$rtentry$$00000009)
    __rt_entry_main                          0x0000014b   Thumb Code     0  rtentry2.o(.ARM.Collect$$rtentry$$0000000D)
    __rt_entry_postli_1                      0x0000014b   Thumb Code     0  rtentry2.o(.ARM.Collect$$rtentry$$0000000C)
    __rt_exit                                0x00000153   Thumb Code     0  rtexit.o(.ARM.Collect$$rtexit$$00000000)
    __rt_exit_ls                             0x00000155   Thumb Code     0  rtexit2.o(.ARM.Collect$$rtexit$$00000003)
    __rt_exit_prels_1                        0x00000155   Thumb Code     0  rtexit2.o(.ARM.Collect$$rtexit$$00000002)
    __rt_exit_exit                           0x00000159   Thumb Code     0  rtexit2.o(.ARM.Collect$$rtexit$$00000004)
    Reset_Handler                            0x00000161   Thumb Code     8  startup_lpc17xx.o(.text)
    NMI_Handler                              0x00000169   Thumb Code     2  startup_lpc17xx.o(.text)
    HardFault_Handler                        0x0000016b   Thumb Code     2  startup_lpc17xx.o(.text)
    MemManage_Handler                        0x0000016d   Thumb Code     2  startup_lpc17xx.o(.text)
    BusFault_Handler                         0x0000016f   Thumb Code     2  startup_lpc17xx.o(.text)
    UsageFault_Handler                       0x00000171   Thumb Code     2  startup_lpc17xx.o(.text)
    SVC_Handler                              0x00000173   Thumb Code     2  startup_lpc17xx.o(.text)
    DebugMon_Handler                         0x00000175   Thumb Code     2  startup_lpc17xx.o(.text)
    PendSV_Handler                           0x00000177   Thumb Code     2  startup_lpc17xx.o(.text)
    ADC_IRQHandler                           0x0000017b   Thumb Code     0  startup_lpc17xx.o(.text)
    BOD_IRQHandler                           0x0000017b   Thumb Code     0  startup_lpc17xx.o(.text)
    DMA_IRQHandler                           0x0000017b   Thumb Code     0  startup_lpc17xx.o(.text)
    EINT0_IRQHandler                         0x0000017b   Thumb Code     0  startup_lpc17xx.o(.text)
    EINT1_IRQHandler                         0x0000017b   Thumb Code     0  startup_lpc17xx.o(.text)
    EINT2_IRQHandler                         0x0000017b   Thumb Code     0  startup_lpc17xx.o(.text)
    EINT3_IRQHandler                         0x0000017b   Thumb Code     0  startup_lpc17xx.o(.text)
    ENET_IRQHandler                          0x0000017b   Thumb Code     0  startup_lpc17xx.o(.text)
    I2C0_IRQHandler                          0x0000017b   Thumb Code     0  startup_lpc17xx.o(.text)
    I2C1_IRQHandler                          0x0000017b   Thumb Code     0  startup_lpc17xx.o(.text)
    I2C2_IRQHandler                          0x0000017b   Thumb Code     0  startup_lpc17xx.o(.text)
    I2S_IRQHandler                           0x0000017b   Thumb Code     0  startup_lpc17xx.o(.text)
    MCPWM_IRQHandler                         0x0000017b   Thumb Code     0  startup_lpc17xx.o(.text)
    PLL0_IRQHandler                          0x0000017b   Thumb Code     0  startup_lpc17xx.o(.text)
    PLL1_IRQHandler                          0x0000017b   Thumb Code     0  startup_lpc17xx.o(.text)
    PWM1_IRQHandler                          0x0000017b   Thumb Code     0  startup_lpc17xx.o(.text)
    QEI_IRQHandler                           0x0000017b   Thumb Code     0  startup_lpc17xx.o(.text)
    RIT_IRQHandler                           0x0000017b   Thumb Code     0  startup_lpc17xx.o(.text)
    SPI_IRQHandler                           0x0000017b   Thumb Code     0  startup_lpc17xx.o(.text)
    SSP0_IRQHandler                          0x0000017b   Thumb Code     0  startup_lpc17xx.o(.text)
    SSP1_IRQHandler                          0x0000017b   Thumb Code     0  startup_lpc17xx.o(.text)
    TIMER2_IRQHandler                        0x0000017b   Thumb Code     0  startup_lpc17xx.o(.text)
    TIMER3_IRQHandler                        0x0000017b   Thumb Code     0  startup_lpc17xx.o(.text)
    UART0_IRQHandler                         0x0000017b   Thumb Code     0  startup_lpc17xx.o(.text)
    UART1_IRQHandler                         0x0000017b   Thumb Code     0  startup_lpc17xx.o(.text)
    UART3_IRQHandler                         0x0000017b   Thumb Code     0  startup_lpc17xx.o(.text)
    USB_IRQHandler                           0x0000017b   Thumb Code     0  startup_lpc17xx.o(.text)
    WDT_IRQHandler                           0x0000017b   Thumb Code     0  startup_lpc17xx.o(.text)
    __user_initial_stackheap                 0x0000017d   Thumb Code     0  startup_lpc17xx.o(.text)
    CanInit                                  0x0000019d   Thumb Code    44  main.o(.text)
    main                                     0x000001c9   Thumb Code   204  main.o(.text)
    CRC16                                    0x000002b1   Thumb Code    48  crc16.o(.text)
    __use_two_region_memory                  0x000002e9   Thumb Code     2  heapauxi.o(.text)
    __rt_heap_escrow$2region                 0x000002eb   Thumb Code     2  heapauxi.o(.text)
    __rt_heap_expand$2region                 0x000002ed   Thumb Code     2  heapauxi.o(.text)
    exit                                     0x000002ef   Thumb Code    12  exit.o(.text)
    __I$use$semihosting                      0x000002fb   Thumb Code     0  use_no_semi.o(.text)
    __use_no_semihosting_swi                 0x000002fb   Thumb Code     2  use_no_semi.o(.text)
    SystemCoreClockUpdate                    0x00000301   Thumb Code   306  system_lpc17xx.o(.text)
    SystemInit                               0x00000433   Thumb Code   292  system_lpc17xx.o(.text)
    IsTimeRemain                             0x0000076d   Thumb Code    22  devicenet.o(.text)
    StartOverTimer                           0x00000783   Thumb Code    16  devicenet.o(.text)
    DeviceNetSendData                        0x00000793   Thumb Code    70  devicenet.o(.text)
    ResponseMACID                            0x000007d9   Thumb Code    98  devicenet.o(.text)
    CheckMACID                               0x0000083b   Thumb Code    86  devicenet.o(.text)
    InitDeviceNet                            0x00000891   Thumb Code    66  devicenet.o(.text)
    MakeIOMessage                            0x000008d3   Thumb Code    66  devicenet.o(.text)
    DeviceNetSendIOData                      0x00000915   Thumb Code    46  devicenet.o(.text)
    MainDeviceNetTask                        0x00000b0f   Thumb Code    80  devicenet.o(.text)
    GetStationPoint                          0x00000b5f   Thumb Code    46  devicenet.o(.text)
    MakeVisibleMessage                       0x00000cab   Thumb Code    74  devicenet.o(.text)
    RestartEstablishLink                     0x00000cf5   Thumb Code    56  devicenet.o(.text)
    DeviceNetReciveCenter                    0x00000d61   Thumb Code   164  devicenet.o(.text)
    UartSendMessage                          0x00000e05   Thumb Code    88  devicenet.o(.text)
    BufferInit                               0x00000e5d   Thumb Code    20  buffer.o(.text)
    BufferEnqueue                            0x00000e71   Thumb Code    68  buffer.o(.text)
    BufferDequeue                            0x00000eb5   Thumb Code    56  buffer.o(.text)
    InitNetApp                               0x00000ef9   Thumb Code    14  netapp.o(.text)
    SynchronousOperationActionACK            0x00000f21   Thumb Code   152  netapp.o(.text)
    SynchronousOperationReadyACK             0x00000fb9   Thumb Code   234  netapp.o(.text)
    StationStatusCycleService                0x000010a3   Thumb Code    84  netapp.o(.text)
    SynchronousOperationReady                0x000010f7   Thumb Code   218  netapp.o(.text)
    SynchronousOperationAction               0x000011d1   Thumb Code    86  netapp.o(.text)
    CheckDeviceNetWorkMode                   0x00001227   Thumb Code   102  netapp.o(.text)
    CAN_setup                                0x000012f3   Thumb Code   140  can.o(.text)
    CAN_start                                0x0000137f   Thumb Code    18  can.o(.text)
    CAN_waitReady                            0x00001391   Thumb Code    38  can.o(.text)
    CAN_wrMsg                                0x000013b7   Thumb Code    84  can.o(.text)
    CAN_rdMsg                                0x0000140b   Thumb Code    52  can.o(.text)
    CAN_wrFilter                             0x0000143f   Thumb Code   826  can.o(.text)
    CAN_IRQHandler                           0x00001779   Thumb Code    70  can.o(.text)
    Led1On                                   0x000017f5   Thumb Code    14  deviceio.o(.text)
    Led1Off                                  0x00001803   Thumb Code    14  deviceio.o(.text)
    Led2On                                   0x00001811   Thumb Code    14  deviceio.o(.text)
    Led2Off                                  0x0000181f   Thumb Code    14  deviceio.o(.text)
    Led1Set                                  0x0000182d   Thumb Code    18  deviceio.o(.text)
    Led2Set                                  0x0000183f   Thumb Code    30  deviceio.o(.text)
    LedInit                                  0x0000185d   Thumb Code    44  deviceio.o(.text)
    InitDeviceIO                             0x00001889   Thumb Code    20  deviceio.o(.text)
    RTC_IRQHandler                           0x000018a9   Thumb Code    20  rtc.o(.text)
    RTCInit                                  0x000018bd   Thumb Code    62  rtc.o(.text)
    RTCStart                                 0x000018fb   Thumb Code    18  rtc.o(.text)
    RTCStop                                  0x0000190d   Thumb Code    14  rtc.o(.text)
    RTC_CTCReset                             0x0000191b   Thumb Code    14  rtc.o(.text)
    RTCSetTime                               0x00001929   Thumb Code    58  rtc.o(.text)
    RTCSetAlarm                              0x00001963   Thumb Code    62  rtc.o(.text)
    RTCGetTime                               0x000019a1   Thumb Code    80  rtc.o(.text)
    RTCSetAlarmMask                          0x000019f1   Thumb Code     6  rtc.o(.text)
    delayMs                                  0x00001a05   Thumb Code   102  timer.o(.text)
    TIMER0_IRQHandler                        0x00001a6b   Thumb Code    20  timer.o(.text)
    TIMER1_IRQHandler                        0x00001a7f   Thumb Code    18  timer.o(.text)
    enable_timer                             0x00001a91   Thumb Code    20  timer.o(.text)
    disable_timer                            0x00001aa5   Thumb Code    20  timer.o(.text)
    reset_timer                              0x00001ab9   Thumb Code    30  timer.o(.text)
    init_timer                               0x00001ad7   Thumb Code    72  timer.o(.text)
    SysTick_Handler                          0x00001b1f   Thumb Code    12  timer.o(.text)
    Init_UART2                               0x00001b51   Thumb Code   142  rs485.o(.text)
    UART2_IRQ_Send                           0x00001bdf   Thumb Code    82  rs485.o(.text)
    UART2_SendData                           0x00001c31   Thumb Code    42  rs485.o(.text)
    UART2_GetChar                            0x00001c5b   Thumb Code    34  rs485.o(.text)
    ReciveFrameDataInit                      0x00001ca1   Thumb Code    42  rtuframe.o(.text)
    FrameQueneIn                             0x00001ccb   Thumb Code    58  rtuframe.o(.text)
    FrameQueneOut                            0x00001d05   Thumb Code    60  rtuframe.o(.text)
    ReciveBufferDataDealing                  0x00001d41   Thumb Code   294  rtuframe.o(.text)
    GenRTUFrame                              0x00001e67   Thumb Code    88  rtuframe.o(.text)
    SendFrame                                0x00001ebf   Thumb Code    32  rtuframe.o(.text)
    UART2_IRQHandler                         0x00001edf   Thumb Code    34  rtuframe.o(.text)
    SetValue                                 0x00001f31   Thumb Code   138  action.o(.text)
    GetValue                                 0x00001fbb   Thumb Code   102  action.o(.text)
    ExecuteFunctioncode                      0x00002295   Thumb Code    86  action.o(.text)
    __aeabi_memcpy                           0x00002319   Thumb Code     0  rt_memcpy_v6.o(.text)
    __rt_memcpy                              0x00002319   Thumb Code   138  rt_memcpy_v6.o(.text)
    _memcpy_lastbytes                        0x0000237f   Thumb Code     0  rt_memcpy_v6.o(.text)
    __aeabi_memcpy4                          0x000023a3   Thumb Code     0  rt_memcpy_w.o(.text)
    __aeabi_memcpy8                          0x000023a3   Thumb Code     0  rt_memcpy_w.o(.text)
    __rt_memcpy_w                            0x000023a3   Thumb Code   100  rt_memcpy_w.o(.text)
    _memcpy_lastbytes_aligned                0x000023eb   Thumb Code     0  rt_memcpy_w.o(.text)
    __user_setup_stackheap                   0x00002407   Thumb Code    74  sys_stackheap_outer.o(.text)
    __user_libspace                          0x00002451   Thumb Code     8  libspace.o(.text)
    __user_perproc_libspace                  0x00002451   Thumb Code     0  libspace.o(.text)
    __user_perthread_libspace                0x00002451   Thumb Code     0  libspace.o(.text)
    _sys_exit                                0x00002459   Thumb Code     8  sys_exit.o(.text)
    IsOverTime                               0x00002465   Thumb Code    50  timer.o(i.IsOverTime)
    __semihosting_library_function           0x00002465   Thumb Code     0  indicate_semi.o(.text)
    __aeabi_d2f                              0x0000249d   Thumb Code     0  d2f.o(x$fpl$d2f)
    _d2f                                     0x0000249d   Thumb Code    98  d2f.o(x$fpl$d2f)
    __aeabi_dmul                             0x00002501   Thumb Code     0  dmul.o(x$fpl$dmul)
    _dmul                                    0x00002501   Thumb Code   332  dmul.o(x$fpl$dmul)
    __fpl_dnaninf                            0x00002655   Thumb Code   156  dnaninf.o(x$fpl$dnaninf)
    __fpl_dretinf                            0x000026f1   Thumb Code    12  dretinf.o(x$fpl$dretinf)
    __aeabi_f2d                              0x000026fd   Thumb Code     0  f2d.o(x$fpl$f2d)
    _f2d                                     0x000026fd   Thumb Code    86  f2d.o(x$fpl$f2d)
    __aeabi_f2uiz                            0x00002755   Thumb Code     0  ffixu.o(x$fpl$ffixu)
    _ffixu                                   0x00002755   Thumb Code    62  ffixu.o(x$fpl$ffixu)
    __aeabi_ui2f                             0x00002795   Thumb Code     0  fflt_clz.o(x$fpl$ffltu)
    _ffltu                                   0x00002795   Thumb Code    38  fflt_clz.o(x$fpl$ffltu)
    __aeabi_fmul                             0x000027bd   Thumb Code     0  fmul.o(x$fpl$fmul)
    _fmul                                    0x000027bd   Thumb Code   258  fmul.o(x$fpl$fmul)
    __fpl_fnaninf                            0x000028bf   Thumb Code   140  fnaninf.o(x$fpl$fnaninf)
    __fpl_fretinf                            0x0000294b   Thumb Code    10  fretinf.o(x$fpl$fretinf)
    CAN_BIT_TIME                             0x00002954   Data          68  can.o(.constdata)
    __I$use$fp                               0x00002954   Number         0  usenofp.o(x$fpl$usenofp)
    auchCRCHi                                0x00002998   Data         256  crc16.o(.constdata)
    auchCRCLo                                0x00002a98   Data         256  crc16.o(.constdata)
    Region$$Table$$Base                      0x00002ba0   Number         0  anon$$obj.o(Region$$Table)
    Region$$Table$$Limit                     0x00002bc0   Number         0  anon$$obj.o(Region$$Table)
    SystemCoreClock                          0x10000000   Data           4  system_lpc17xx.o(.data)
    providerID                               0x10000004   Data           4  devicenet.o(.data)
    device_type                              0x10000008   Data           4  devicenet.o(.data)
    product_code                             0x1000000c   Data           4  devicenet.o(.data)
    major_ver                                0x10000010   Data           1  devicenet.o(.data)
    minor_ver                                0x10000011   Data           1  devicenet.o(.data)
    serialID                                 0x10000014   Data           4  devicenet.o(.data)
    product_name                             0x10000018   Data           8  devicenet.o(.data)
    DeviceNet_class                          0x10000020   Data           4  devicenet.o(.data)
    DeviceNetObj                             0x10000024   Data           4  devicenet.o(.data)
    MacList                                  0x10000028   Data           7  devicenet.o(.data)
    g_pCurrrentStation                       0x10000030   Data           4  devicenet.o(.data)
    FifoInfor                                0x10000034   Data           8  buffer.o(.data)
    len                                      0x1000003c   Data           1  buffer.o(.data)
    g_WorkMode                               0x1000003e   Data           2  netapp.o(.data)
    CAN_TxRdy                                0x10000040   Data           8  can.o(.data)
    CAN_RxRdy                                0x10000048   Data           8  can.o(.data)
    alarm_on                                 0x10000058   Data           4  rtc.o(.data)
    timer0_counter                           0x1000005c   Data           4  timer.o(.data)
    timer1_counter                           0x10000060   Data           4  timer.o(.data)
    g_MsTicks                                0x10000064   Data           4  timer.o(.data)
    TXlen                                    0x10000068   Data           2  rs485.o(.data)
    TXcn                                     0x1000006a   Data           2  rs485.o(.data)
    ReciveErrorFlag                          0x1000006c   Data           1  rtuframe.o(.data)
    ReciveBufferLen                          0x1000006d   Data           1  rtuframe.o(.data)
    FifoHead                                 0x1000006e   Data           1  rtuframe.o(.data)
    FifoEnd                                  0x1000006f   Data           1  rtuframe.o(.data)
    DealStep                                 0x10000070   Data           1  rtuframe.o(.data)
    completeFlag                             0x10000071   Data           1  rtuframe.o(.data)
    LocalAddress                             0x10000072   Data           1  rtuframe.o(.data)
    ReciveIndex                              0x10000073   Data           1  rtuframe.o(.data)
    sendFrame                                0x1000008c   Data          12  main.o(.bss)
    recvFrame                                0x10000098   Data          12  main.o(.bss)
    ReciveMsg                                0x100000a4   Data          16  main.o(.bss)
    CycleInquireConnedctionObj               0x100000b4   Data          68  devicenet.o(.bss)
    VisibleConnectionObj                     0x100000f8   Data          68  devicenet.o(.bss)
    IdentifierObj                            0x1000013c   Data          32  devicenet.o(.bss)
    SendBufferData                           0x1000015c   Data          10  devicenet.o(.bss)
    ReciveBufferData                         0x10000166   Data          10  devicenet.o(.bss)
    MasterStation                            0x10000170   Data          56  devicenet.o(.bss)
    StationList                              0x10000220   Data         336  devicenet.o(.bss)
    CanMsg                                   0x10000370   Data         512  buffer.o(.bss)
    CAN_TxMsg                                0x1000057c   Data          32  can.o(.bss)
    CAN_RxMsg                                0x1000059c   Data          32  can.o(.bss)
    TXBuffer                                 0x100005bc   Data         128  rs485.o(.bss)
    ReciveBuffer                             0x1000063c   Data          64  rtuframe.o(.bss)
    FrameData                                0x1000067c   Data          64  rtuframe.o(.bss)
    RtuFrame                                 0x100006bc   Data          16  rtuframe.o(.bss)
    SendFrameData                            0x100006cc   Data          64  rtuframe.o(.bss)
    SendDataBuffer                           0x1000070c   Data          64  action.o(.bss)
    __libspace_start                         0x1000074c   Data          96  libspace.o(.bss)
    __temporary_stack_top$libspace           0x100007ac   Data           0  libspace.o(.bss)



==============================================================================

Memory Map of the image

  Image Entry point : 0x000000c5

  Load Region LR_IROM1 (Base: 0x00000000, Size: 0x00002c4c, Max: 0x00080000, ABSOLUTE)

    Execution Region ER_IROM1 (Base: 0x00000000, Size: 0x00002bc0, Max: 0x00080000, ABSOLUTE)

    Base Addr    Size         Type   Attr      Idx    E Section Name        Object

    0x00000000   0x000000c4   Data   RO           44    RESET               startup_lpc17xx.o
    0x000000c4   0x00000008   Code   RO          479  * !!!main             c_w.l(__main.o)
    0x000000cc   0x00000034   Code   RO          660    !!!scatter          c_w.l(__scatter.o)
    0x00000100   0x0000001a   Code   RO          662    !!handler_copy      c_w.l(__scatter_copy.o)
    0x0000011a   0x00000002   PAD
    0x0000011c   0x0000001c   Code   RO          664    !!handler_zi        c_w.l(__scatter_zi.o)
    0x00000138   0x00000002   Code   RO          533    .ARM.Collect$$libinit$$00000000  c_w.l(libinit.o)
    0x0000013a   0x00000000   Code   RO          540    .ARM.Collect$$libinit$$00000002  c_w.l(libinit2.o)
    0x0000013a   0x00000000   Code   RO          543    .ARM.Collect$$libinit$$00000008  c_w.l(libinit2.o)
    0x0000013a   0x00000000   Code   RO          545    .ARM.Collect$$libinit$$0000000A  c_w.l(libinit2.o)
    0x0000013a   0x00000000   Code   RO          547    .ARM.Collect$$libinit$$0000000C  c_w.l(libinit2.o)
    0x0000013a   0x00000000   Code   RO          550    .ARM.Collect$$libinit$$0000000F  c_w.l(libinit2.o)
    0x0000013a   0x00000000   Code   RO          552    .ARM.Collect$$libinit$$00000011  c_w.l(libinit2.o)
    0x0000013a   0x00000000   Code   RO          554    .ARM.Collect$$libinit$$00000013  c_w.l(libinit2.o)
    0x0000013a   0x00000000   Code   RO          556    .ARM.Collect$$libinit$$00000015  c_w.l(libinit2.o)
    0x0000013a   0x00000000   Code   RO          558    .ARM.Collect$$libinit$$00000017  c_w.l(libinit2.o)
    0x0000013a   0x00000000   Code   RO          560    .ARM.Collect$$libinit$$00000019  c_w.l(libinit2.o)
    0x0000013a   0x00000000   Code   RO          562    .ARM.Collect$$libinit$$0000001B  c_w.l(libinit2.o)
    0x0000013a   0x00000000   Code   RO          564    .ARM.Collect$$libinit$$0000001D  c_w.l(libinit2.o)
    0x0000013a   0x00000000   Code   RO          566    .ARM.Collect$$libinit$$0000001F  c_w.l(libinit2.o)
    0x0000013a   0x00000000   Code   RO          568    .ARM.Collect$$libinit$$00000021  c_w.l(libinit2.o)
    0x0000013a   0x00000000   Code   RO          570    .ARM.Collect$$libinit$$00000023  c_w.l(libinit2.o)
    0x0000013a   0x00000000   Code   RO          574    .ARM.Collect$$libinit$$0000002A  c_w.l(libinit2.o)
    0x0000013a   0x00000000   Code   RO          576    .ARM.Collect$$libinit$$0000002C  c_w.l(libinit2.o)
    0x0000013a   0x00000000   Code   RO          578    .ARM.Collect$$libinit$$0000002E  c_w.l(libinit2.o)
    0x0000013a   0x00000000   Code   RO          580    .ARM.Collect$$libinit$$00000030  c_w.l(libinit2.o)
    0x0000013a   0x00000002   Code   RO          581    .ARM.Collect$$libinit$$00000031  c_w.l(libinit2.o)
    0x0000013c   0x00000002   Code   RO          601    .ARM.Collect$$libshutdown$$00000000  c_w.l(libshutdown.o)
    0x0000013e   0x00000000   Code   RO          615    .ARM.Collect$$libshutdown$$00000003  c_w.l(libshutdown2.o)
    0x0000013e   0x00000000   Code   RO          618    .ARM.Collect$$libshutdown$$00000006  c_w.l(libshutdown2.o)
    0x0000013e   0x00000000   Code   RO          621    .ARM.Collect$$libshutdown$$00000009  c_w.l(libshutdown2.o)
    0x0000013e   0x00000000   Code   RO          623    .ARM.Collect$$libshutdown$$0000000B  c_w.l(libshutdown2.o)
    0x0000013e   0x00000000   Code   RO          626    .ARM.Collect$$libshutdown$$0000000E  c_w.l(libshutdown2.o)
    0x0000013e   0x00000002   Code   RO          627    .ARM.Collect$$libshutdown$$0000000F  c_w.l(libshutdown2.o)
    0x00000140   0x00000000   Code   RO          499    .ARM.Collect$$rtentry$$00000000  c_w.l(rtentry.o)
    0x00000140   0x00000000   Code   RO          510    .ARM.Collect$$rtentry$$00000002  c_w.l(rtentry2.o)
    0x00000140   0x00000006   Code   RO          522    .ARM.Collect$$rtentry$$00000004  c_w.l(rtentry4.o)
    0x00000146   0x00000000   Code   RO          512    .ARM.Collect$$rtentry$$00000009  c_w.l(rtentry2.o)
    0x00000146   0x00000004   Code   RO          513    .ARM.Collect$$rtentry$$0000000A  c_w.l(rtentry2.o)
    0x0000014a   0x00000000   Code   RO          515    .ARM.Collect$$rtentry$$0000000C  c_w.l(rtentry2.o)
    0x0000014a   0x00000008   Code   RO          516    .ARM.Collect$$rtentry$$0000000D  c_w.l(rtentry2.o)
    0x00000152   0x00000002   Code   RO          537    .ARM.Collect$$rtexit$$00000000  c_w.l(rtexit.o)
    0x00000154   0x00000000   Code   RO          583    .ARM.Collect$$rtexit$$00000002  c_w.l(rtexit2.o)
    0x00000154   0x00000004   Code   RO          584    .ARM.Collect$$rtexit$$00000003  c_w.l(rtexit2.o)
    0x00000158   0x00000006   Code   RO          585    .ARM.Collect$$rtexit$$00000004  c_w.l(rtexit2.o)
    0x0000015e   0x00000002   PAD
    0x00000160   0x0000003c   Code   RO           46    .text               startup_lpc17xx.o
    0x0000019c   0x00000114   Code   RO           54    .text               main.o
    0x000002b0   0x00000038   Code   RO          384    .text               crc16.o
    0x000002e8   0x00000006   Code   RO          477    .text               c_w.l(heapauxi.o)
    0x000002ee   0x0000000c   Code   RO          526    .text               c_w.l(exit.o)
    0x000002fa   0x00000002   Code   RO          604    .text               c_w.l(use_no_semi.o)
    0x000002fc   0x00000004   Code   RO           45    .ARM.__at_0x02FC    startup_lpc17xx.o
    0x00000300   0x00000274   Code   RO           17    .text               system_lpc17xx.o
    0x00000574   0x000008e8   Code   RO          131    .text               devicenet.o
    0x00000e5c   0x0000009c   Code   RO          177    .text               buffer.o
    0x00000ef8   0x000003a8   Code   RO          196    .text               netapp.o
    0x000012a0   0x00000554   Code   RO          221    .text               can.o
    0x000017f4   0x000000b4   Code   RO          253    .text               deviceio.o
    0x000018a8   0x0000015c   Code   RO          280    .text               rtc.o
    0x00001a04   0x0000014c   Code   RO          313    .text               timer.o
    0x00001b50   0x00000150   Code   RO          355    .text               rs485.o
    0x00001ca0   0x00000290   Code   RO          404    .text               rtuframe.o
    0x00001f30   0x000003e8   Code   RO          438    .text               action.o
    0x00002318   0x0000008a   Code   RO          473    .text               c_w.l(rt_memcpy_v6.o)
    0x000023a2   0x00000064   Code   RO          475    .text               c_w.l(rt_memcpy_w.o)
    0x00002406   0x0000004a   Code   RO          524    .text               c_w.l(sys_stackheap_outer.o)
    0x00002450   0x00000008   Code   RO          534    .text               c_w.l(libspace.o)
    0x00002458   0x0000000c   Code   RO          593    .text               c_w.l(sys_exit.o)
    0x00002464   0x00000000   Code   RO          606    .text               c_w.l(indicate_semi.o)
    0x00002464   0x00000038   Code   RO          331    i.IsOverTime        timer.o
    0x0000249c   0x00000062   Code   RO          481    x$fpl$d2f           fz_ws.l(d2f.o)
    0x000024fe   0x00000002   PAD
    0x00002500   0x00000154   Code   RO          483    x$fpl$dmul          fz_ws.l(dmul.o)
    0x00002654   0x0000009c   Code   RO          500    x$fpl$dnaninf       fz_ws.l(dnaninf.o)
    0x000026f0   0x0000000c   Code   RO          502    x$fpl$dretinf       fz_ws.l(dretinf.o)
    0x000026fc   0x00000056   Code   RO          485    x$fpl$f2d           fz_ws.l(f2d.o)
    0x00002752   0x00000002   PAD
    0x00002754   0x0000003e   Code   RO          487    x$fpl$ffixu         fz_ws.l(ffixu.o)
    0x00002792   0x00000002   PAD
    0x00002794   0x00000026   Code   RO          491    x$fpl$ffltu         fz_ws.l(fflt_clz.o)
    0x000027ba   0x00000002   PAD
    0x000027bc   0x00000102   Code   RO          497    x$fpl$fmul          fz_ws.l(fmul.o)
    0x000028be   0x0000008c   Code   RO          504    x$fpl$fnaninf       fz_ws.l(fnaninf.o)
    0x0000294a   0x0000000a   Code   RO          506    x$fpl$fretinf       fz_ws.l(fretinf.o)
    0x00002954   0x00000000   Code   RO          508    x$fpl$usenofp       fz_ws.l(usenofp.o)
    0x00002954   0x00000044   Data   RO          223    .constdata          can.o
    0x00002998   0x00000200   Data   RO          385    .constdata          crc16.o
    0x00002b98   0x00000007   Data   RO          133    .conststring        devicenet.o
    0x00002b9f   0x00000001   PAD
    0x00002ba0   0x00000020   Data   RO          658    Region$$Table       anon$$obj.o


    Execution Region RW_IRAM1 (Base: 0x10000000, Size: 0x000009b0, Max: 0x00008000, ABSOLUTE)

    Base Addr    Size         Type   Attr      Idx    E Section Name        Object

    0x10000000   0x00000004   Data   RW           18    .data               system_lpc17xx.o
    0x10000004   0x00000030   Data   RW          134    .data               devicenet.o
    0x10000034   0x00000009   Data   RW          179    .data               buffer.o
    0x1000003d   0x00000001   PAD
    0x1000003e   0x00000002   Data   RW          198    .data               netapp.o
    0x10000040   0x00000018   Data   RW          224    .data               can.o
    0x10000058   0x00000004   Data   RW          281    .data               rtc.o
    0x1000005c   0x0000000c   Data   RW          314    .data               timer.o
    0x10000068   0x00000004   Data   RW          357    .data               rs485.o
    0x1000006c   0x00000008   Data   RW          406    .data               rtuframe.o
    0x10000074   0x00000018   Data   RW          440    .data               action.o
    0x1000008c   0x00000028   Zero   RW           55    .bss                main.o
    0x100000b4   0x000002bc   Zero   RW          132    .bss                devicenet.o
    0x10000370   0x00000200   Zero   RW          178    .bss                buffer.o
    0x10000570   0x0000000c   Zero   RW          197    .bss                netapp.o
    0x1000057c   0x00000040   Zero   RW          222    .bss                can.o
    0x100005bc   0x00000080   Zero   RW          356    .bss                rs485.o
    0x1000063c   0x000000d0   Zero   RW          405    .bss                rtuframe.o
    0x1000070c   0x00000040   Zero   RW          439    .bss                action.o
    0x1000074c   0x00000060   Zero   RW          535    .bss                c_w.l(libspace.o)
    0x100007ac   0x00000004   PAD
    0x100007b0   0x00000000   Zero   RW           43    HEAP                startup_lpc17xx.o
    0x100007b0   0x00000200   Zero   RW           42    STACK               startup_lpc17xx.o


==============================================================================

Image component sizes


      Code (inc. data)   RO Data    RW Data    ZI Data      Debug   Object Name

      1000         52          0         24         64      33050   action.o
       156         12          0          9        512       2136   buffer.o
      1364         84         68         24         64      27638   can.o
         0          0          0          0          0       4344   core_cm3.o
        56          8        512          0          0       1086   crc16.o
       180         12          0          0          0       1233   deviceio.o
      2280        144          7         48        700      30613   devicenet.o
       276         28          0          0         40      43162   main.o
       936         20          0          2         12       8781   netapp.o
       336         36          0          4        128      25794   rs485.o
       348         14          0          4          0      19668   rtc.o
       656         48          0          8        208       4236   rtuframe.o
        64         26        196          0        512        976   startup_lpc17xx.o
       628         30          0          4          0        921   system_lpc17xx.o
       388         22          0         12          0      26830   timer.o

    ----------------------------------------------------------------------
      8668        536        816        140       2240     230468   Object Totals
         0          0         32          0          0          0   (incl. Generated)
         0          0          1          1          0          0   (incl. Padding)

    ----------------------------------------------------------------------

      Code (inc. data)   RO Data    RW Data    ZI Data      Debug   Library Member Name

         8          0          0          0          0         68   __main.o
        52          8          0          0          0          0   __scatter.o
        26          0          0          0          0          0   __scatter_copy.o
        28          0          0          0          0          0   __scatter_zi.o
        12          0          0          0          0         72   exit.o
         6          0          0          0          0        152   heapauxi.o
         0          0          0          0          0          0   indicate_semi.o
         2          0          0          0          0          0   libinit.o
         2          0          0          0          0          0   libinit2.o
         2          0          0          0          0          0   libshutdown.o
         2          0          0          0          0          0   libshutdown2.o
         8          4          0          0         96         68   libspace.o
       138          0          0          0          0         68   rt_memcpy_v6.o
       100          0          0          0          0         80   rt_memcpy_w.o
         0          0          0          0          0          0   rtentry.o
        12          0          0          0          0          0   rtentry2.o
         6          0          0          0          0          0   rtentry4.o
         2          0          0          0          0          0   rtexit.o
        10          0          0          0          0          0   rtexit2.o
        12          4          0          0          0         68   sys_exit.o
        74          0          0          0          0         80   sys_stackheap_outer.o
         2          0          0          0          0         68   use_no_semi.o
        98          4          0          0          0         92   d2f.o
       340         12          0          0          0        104   dmul.o
       156          4          0          0          0         92   dnaninf.o
        12          0          0          0          0         68   dretinf.o
        86          4          0          0          0         84   f2d.o
        62          4          0          0          0         84   ffixu.o
        38          0          0          0          0         68   fflt_clz.o
       258          4          0          0          0         84   fmul.o
       140          4          0          0          0         84   fnaninf.o
        10          0          0          0          0         68   fretinf.o
         0          0          0          0          0          0   usenofp.o

    ----------------------------------------------------------------------
      1716         52          0          0        100       1552   Library Totals
        12          0          0          0          4          0   (incl. Padding)

    ----------------------------------------------------------------------

      Code (inc. data)   RO Data    RW Data    ZI Data      Debug   Library Name

       504         16          0          0         96        724   c_w.l
      1200         36          0          0          0        828   fz_ws.l

    ----------------------------------------------------------------------
      1716         52          0          0        100       1552   Library Totals

    ----------------------------------------------------------------------

==============================================================================


      Code (inc. data)   RO Data    RW Data    ZI Data      Debug   

     10384        588        816        140       2340     230040   Grand Totals
     10384        588        816        140       2340     230040   ELF Image Totals
     10384        588        816        140          0          0   ROM Totals

==============================================================================

    Total RO  Size (Code + RO Data)                11200 (  10.94kB)
    Total RW  Size (RW Data + ZI Data)              2480 (   2.42kB)
    Total ROM Size (Code + RO Data + RW Data)      11340 (  11.07kB)

==============================================================================

