<html>
<body>
<pre>
<h1>µVision Build Log</h1>
<h2>Project:</h2>
J:\MyCode\MDK\XXTB\XXTB.uvproj
Project File Date:  04/09/2017

<h2>Output:</h2>
Rebuild target 'CommunicationManagement'
compiling core_cm3.c...
compiling system_LPC17xx.c...
assembling startup_LPC17xx.s...
compiling main.c...
compiling DeviceNet.c...
compiling Buffer.c...
compiling NetApp.c...
compiling CAN.c...
compiling DeviceIO.c...
compiling rtc.c...
compiling timer.c...
compiling RS485.c...
compiling CRC16.c...
compiling RtuFrame.c...
source\DeviceNet\RtuFrame.c(302): warning:  #177-D: variable "i" was declared but never referenced
      uint8_t i = 0;
source\DeviceNet\RtuFrame.c: 1 warning, 0 errors
compiling Action.c...
linking...
Program Size: Code=10656 RO-data=816 RW-data=140 ZI-data=2628  
".\OUT\XXTB.axf" - 0 Error(s), 1 Warning(s).
Load "J:\\MyCode\\MDK\\XXTB\\OUT\\XXTB.axf" 
Set JLink Project File to "J:\MyCode\MDK\XXTB\JLinkSettings.ini"
* JLink Info: Device "LPC1768" selected (512 KB flash, 32 KB RAM).
 
JLink info:
------------
DLL: V4.80g, compiled Feb 13 2014 20:50:02
Firmware: J-Link ARM V8 compiled Jan 31 2018 18:34:52
Hardware: V8.00
S/N : 20080643 
Feature(s) : RDI,FlashDL,FlashBP,JFlash,GDBFull 
 
* JLink Info: TotalIRLen = 4, IRPrint = 0x01
* JLink Info: Found Cortex-M3 r2p0, Little endian.
* JLink Info: FPUnit: 6 code (BP) slots and 2 literal slots
* JLink Info: TPIU fitted.
* JLink Info: ETM fitted.
ROMTableAddr = 0xE00FF003
 
Target info:
------------
Device: LPC1768
VTarget = 3.313V
State of Pins: 
TCK: 1, TDI: 0, TDO: 1, TMS: 0, TRES: 1, TRST: 1
Hardware-Breakpoints: 6
Software-Breakpoints: 8192
Watchpoints:          4
JTAG speed: 1000 kHz
 
Erase Done.
Programming Done.
Verify OK.
Application running ...
</pre>
</body>
</html>
